"../../../Engine/Plugins/Animation/ACLPlugin/Content/ACLAnimCurveCompressionSettings.uasset" 0
"../../../Engine/Plugins/Animation/ACLPlugin/Content/ACLAnimCurveCompressionSettings.uexp" 1
"../../../Engine/Plugins/Animation/ACLPlugin/Content/ACLAnimBoneCompressionSettings.uasset" 2
"../../../Engine/Plugins/Animation/ACLPlugin/Content/ACLAnimBoneCompressionSettings.uexp" 3
"../../../Engine/Plugins/2D/Paper2D/Content/PlaceholderTextures/DummySpriteTexture.ubulk" 4
"../../../Engine/Plugins/2D/Paper2D/Content/PlaceholderTextures/DummySpriteTexture.uasset" 5
"../../../Engine/Plugins/2D/Paper2D/Content/PlaceholderTextures/DummySpriteTexture.uexp" 6
"../../../Engine/Plugins/2D/Paper2D/Content/DummySprite.uasset" 7
"../../../Engine/Plugins/2D/Paper2D/Content/DummySprite.uexp" 8
"../../../Engine/Plugins/2D/Paper2D/Content/DefaultPaperTerrainMaterial.uasset" 9
"../../../Engine/Plugins/2D/Paper2D/Content/DefaultPaperTerrainMaterial.uexp" 10
"../../../Engine/Plugins/Animation/ControlRig/Content/Controls/DefaultGizmoLibraryNormalized.uasset" 11
"../../../Engine/Plugins/Animation/ControlRig/Content/Controls/DefaultGizmoLibraryNormalized.uexp" 12
"../../../Engine/Content/EngineSounds/Master.uasset" 13
"../../../Engine/Content/EngineSounds/Master.uexp" 14
"../../../Engine/Content/EngineMaterials/DefaultPhysicalMaterial.uasset" 15
"../../../Engine/Content/EngineMaterials/DefaultPhysicalMaterial.uexp" 16
"../../../Engine/Content/EngineMaterials/DefaultDestructiblePhysicalMaterial.uasset" 17
"../../../Engine/Content/EngineMaterials/DefaultDestructiblePhysicalMaterial.uexp" 18
"../../../Engine/Content/EngineFonts/Faces/RobotoLight.uexp" 19
"../../../Engine/Content/EngineFonts/Faces/RobotoLight.uasset" 20
"../../../Engine/Content/EngineFonts/Faces/RobotoLight.ufont" 21
"../../../Engine/Content/EngineFonts/Faces/RobotoBold.uexp" 22
"../../../Engine/Content/EngineFonts/Faces/RobotoBold.uasset" 23
"../../../Engine/Content/EngineFonts/Faces/RobotoBold.ufont" 24
"../../../Engine/Content/EngineFonts/Faces/RobotoRegular.uexp" 25
"../../../Engine/Content/EngineFonts/Faces/RobotoRegular.uasset" 26
"../../../Engine/Content/EngineFonts/Faces/RobotoRegular.ufont" 27
"../../../Engine/Content/EngineFonts/Faces/DroidSansFallback.uexp" 28
"../../../Engine/Content/EngineFonts/Faces/DroidSansFallback.uasset" 29
"../../../Engine/Content/EngineFonts/Faces/DroidSansFallback.ufont" 30
"../../../Engine/Content/EngineFonts/Faces/RobotoItalic.uexp" 31
"../../../Engine/Content/EngineFonts/Faces/RobotoItalic.uasset" 32
"../../../Engine/Content/EngineFonts/Faces/RobotoItalic.ufont" 33
"../../../Engine/Content/EngineFonts/Faces/RobotoBoldItalic.uexp" 34
"../../../Engine/Content/EngineFonts/Faces/RobotoBoldItalic.uasset" 35
"../../../Engine/Content/EngineFonts/Faces/RobotoBoldItalic.ufont" 36
"../../../Engine/Content/EngineFonts/Roboto.uasset" 37
"../../../Engine/Content/EngineFonts/Roboto.uexp" 38
"../../../Engine/Content/Animation/DefaultVariableFrameStrippingSettings.uasset" 39
"../../../Engine/Content/Animation/DefaultVariableFrameStrippingSettings.uexp" 40
"../../../Engine/Content/Animation/DefaultRecorderBoneCompression.uasset" 41
"../../../Engine/Content/Animation/DefaultRecorderBoneCompression.uexp" 42
"../../../Engine/Content/MobileResources/HUD/VirtualJoystick_Background.uasset" 43
"../../../Engine/Content/MobileResources/HUD/VirtualJoystick_Background.uexp" 44
"../../../Engine/Content/MobileResources/HUD/VirtualJoystick_Thumb.uasset" 45
"../../../Engine/Content/MobileResources/HUD/VirtualJoystick_Thumb.uexp" 46
"../../../Engine/Content/MobileResources/HUD/DefaultVirtualJoysticks.uasset" 47
"../../../Engine/Content/MobileResources/HUD/DefaultVirtualJoysticks.uexp" 48
"../../../Engine/Content/EditorResources/S_Actor.ubulk" 49
"../../../Engine/Content/EditorResources/S_Actor.uasset" 50
"../../../Engine/Content/EditorResources/S_Actor.uexp" 51
"../../../Engine/Plugins/Runtime/AudioWidgets/Content/Resources/ScrubHandleDown_Clamped.uasset" 52
"../../../Engine/Plugins/Runtime/AudioWidgets/Content/Resources/ScrubHandleDown_Clamped.uexp" 53
"../../../Engine/Content/EngineResources/GradientTexture0.uasset" 54
"../../../Engine/Content/EngineResources/GradientTexture0.uexp" 55
"../../../Engine/Content/EngineResources/DefaultTexture.ubulk" 56
"../../../Engine/Content/EngineResources/DefaultTexture.uasset" 57
"../../../Engine/Content/EngineResources/DefaultTexture.uexp" 58
"../../../Engine/Content/EngineMaterials/PreintegratedSkinBRDF.uasset" 59
"../../../Engine/Content/EngineMaterials/PreintegratedSkinBRDF.uexp" 60
"../../../Engine/Content/EngineMaterials/MiniFont.uasset" 61
"../../../Engine/Content/EngineMaterials/MiniFont.uexp" 62
"../../../Engine/Content/EngineMaterials/FastBlueNoise_vec2_128x128x64.uasset" 63
"../../../Engine/Content/EngineMaterials/FastBlueNoise_vec2_128x128x64.uexp" 64
"../../../Engine/Content/EngineMaterials/FastBlueNoise_scalar_128x128x64.uasset" 65
"../../../Engine/Content/EngineMaterials/FastBlueNoise_scalar_128x128x64.uexp" 66
"../../../Engine/Content/EngineMaterials/DefaultWhiteGrid.ubulk" 67
"../../../Engine/Content/EngineMaterials/DefaultWhiteGrid.uasset" 68
"../../../Engine/Content/EngineMaterials/DefaultWhiteGrid.uexp" 69
"../../../Engine/Content/EngineMaterials/DefaultBokeh.uasset" 70
"../../../Engine/Content/EngineMaterials/DefaultBokeh.uexp" 71
"../../../Engine/Content/EngineMaterials/DefaultBloomKernel.uasset" 72
"../../../Engine/Content/EngineMaterials/DefaultBloomKernel.uexp" 73
"../../../Engine/Content/EngineDamageTypes/DmgTypeBP_Environmental.uasset" 74
"../../../Engine/Content/EngineDamageTypes/DmgTypeBP_Environmental.uexp" 75
"../../../Engine/Content/EditorResources/S_TriggerSphere.uasset" 76
"../../../Engine/Content/EditorResources/S_TriggerSphere.uexp" 77
"../../../Engine/Content/EditorResources/S_TriggerCapsule.uasset" 78
"../../../Engine/Content/EditorResources/S_TriggerCapsule.uexp" 79
"../../../Engine/Content/EditorResources/S_TriggerBox.uasset" 80
"../../../Engine/Content/EditorResources/S_TriggerBox.uexp" 81
"../../../Engine/Content/EditorResources/S_Trigger.ubulk" 82
"../../../Engine/Content/EditorResources/S_Trigger.uasset" 83
"../../../Engine/Content/EditorResources/S_Trigger.uexp" 84
"../../../Engine/Content/EditorResources/S_Terrain.ubulk" 85
"../../../Engine/Content/EditorResources/S_Terrain.uasset" 86
"../../../Engine/Content/EditorResources/S_Terrain.uexp" 87
"../../../Engine/Content/EditorResources/S_Solver.ubulk" 88
"../../../Engine/Content/EditorResources/S_Solver.uasset" 89
"../../../Engine/Content/EditorResources/S_Solver.uexp" 90
"../../../Engine/Content/EditorResources/S_BoxReflectionCapture.uasset" 91
"../../../Engine/Content/EditorResources/S_BoxReflectionCapture.uexp" 92
"../../../Engine/Content/EditorResources/BSPVertex.uasset" 93
"../../../Engine/Content/EditorResources/BSPVertex.uexp" 94
"../../../Engine/Content/EditorLandscapeResources/DefaultAlphaTexture.uasset" 95
"../../../Engine/Content/EditorLandscapeResources/DefaultAlphaTexture.uexp" 96
"../../../Engine/Content/EngineResources/FilmGrains/Marcie_Grain_v3_128_M2_000.uasset" 97
"../../../Engine/Content/EngineResources/FilmGrains/Marcie_Grain_v3_128_M2_000.uexp" 98
"../../../Engine/Content/EngineMaterials/LTC/Sheen_LTC.uasset" 99
"../../../Engine/Content/EngineMaterials/LTC/Sheen_LTC.uexp" 100
"../../../Engine/Content/EngineMaterials/LTC/GGX_LTCMat.uasset" 101
"../../../Engine/Content/EngineMaterials/LTC/GGX_LTCMat.uexp" 102
"../../../Engine/Content/EngineMaterials/LTC/GGX_LTCAmp.uasset" 103
"../../../Engine/Content/EngineMaterials/LTC/GGX_LTCAmp.uexp" 104
"../../../Engine/Content/EngineMaterials/EnergyConservation/Sheen_Energy.uasset" 105
"../../../Engine/Content/EngineMaterials/EnergyConservation/Sheen_Energy.uexp" 106
"../../../Engine/Content/EngineMaterials/EnergyConservation/SheenLegacy_Energy.uasset" 107
"../../../Engine/Content/EngineMaterials/EnergyConservation/SheenLegacy_Energy.uexp" 108
"../../../Engine/Content/EngineMaterials/EnergyConservation/GGX_TransmissionEnergyArray.uasset" 109
"../../../Engine/Content/EngineMaterials/EnergyConservation/GGX_TransmissionEnergyArray.uexp" 110
"../../../Engine/Content/EngineMaterials/EnergyConservation/GGX_ReflectionEnergy.uasset" 111
"../../../Engine/Content/EngineMaterials/EnergyConservation/GGX_ReflectionEnergy.uexp" 112
"../../../Engine/Content/EngineMaterials/EnergyConservation/Diffuse_Energy.uasset" 113
"../../../Engine/Content/EngineMaterials/EnergyConservation/Diffuse_Energy.uexp" 114
"../../../Engine/Content/EditorResources/SequenceRecorder/RecordingIndicator.uasset" 115
"../../../Engine/Content/EditorResources/SequenceRecorder/RecordingIndicator.uexp" 116
"../../../Engine/Content/EditorResources/SequenceRecorder/Countdown.uasset" 117
"../../../Engine/Content/EditorResources/SequenceRecorder/Countdown.uexp" 118
"../../../Engine/Content/EditorMaterials/ParticleSystems/PSysThumbnail_OOD.ubulk" 119
"../../../Engine/Content/EditorMaterials/ParticleSystems/PSysThumbnail_OOD.uasset" 120
"../../../Engine/Content/EditorMaterials/ParticleSystems/PSysThumbnail_OOD.uexp" 121
"../../../Engine/Content/EditorMaterials/ParticleSystems/PSysThumbnail_NoImage.ubulk" 122
"../../../Engine/Content/EditorMaterials/ParticleSystems/PSysThumbnail_NoImage.uasset" 123
"../../../Engine/Content/EditorMaterials/ParticleSystems/PSysThumbnail_NoImage.uexp" 124
"C:/Discos/Proyectos/NEXCODE/gateway/Content/Gateway/Images/T_Nebula03.uasset" 125
"C:/Discos/Proyectos/NEXCODE/gateway/Content/Gateway/Images/T_Nebula03.uexp" 126
"C:/Discos/Proyectos/NEXCODE/gateway/Content/Gateway/Images/T_Nebula02.uasset" 127
"C:/Discos/Proyectos/NEXCODE/gateway/Content/Gateway/Images/T_Nebula02.uexp" 128
"C:/Discos/Proyectos/NEXCODE/gateway/Content/Gateway/Images/T_Galaxy01.uasset" 129
"C:/Discos/Proyectos/NEXCODE/gateway/Content/Gateway/Images/T_Galaxy01.uexp" 130
"C:/Discos/Proyectos/NEXCODE/gateway/Content/Gateway/Images/T_Caja01.ubulk" 131
"C:/Discos/Proyectos/NEXCODE/gateway/Content/Gateway/Images/T_Caja01.uasset" 132
"C:/Discos/Proyectos/NEXCODE/gateway/Content/Gateway/Images/T_Caja01.uexp" 133
"../../../Engine/Content/EngineResources/DefaultTextureCube.uasset" 134
"../../../Engine/Content/EngineResources/DefaultTextureCube.uexp" 135
"../../../Engine/Content/EngineResources/DefaultVolumeTexture2D.uasset" 136
"../../../Engine/Content/EngineResources/DefaultVolumeTexture2D.uexp" 137
"../../../Engine/Content/EngineResources/DefaultVolumeTexture.uasset" 138
"../../../Engine/Content/EngineResources/DefaultVolumeTexture.uexp" 139
"../../../Engine/Content/Functions/Engine_MaterialFunctions02/WorldPositionOffset/CameraOffset.uasset" 140
"../../../Engine/Content/Functions/Engine_MaterialFunctions02/WorldPositionOffset/CameraOffset.uexp" 141
"../../../Engine/Plugins/Animation/ControlRig/Content/M_Manip.uasset" 142
"../../../Engine/Plugins/Animation/ControlRig/Content/M_Manip.uexp" 143
"../../../Engine/Plugins/Runtime/MeshModelingToolset/Content/Materials/M_DynamicMeshComponentVtxColor.uasset" 144
"../../../Engine/Plugins/Runtime/MeshModelingToolset/Content/Materials/M_DynamicMeshComponentVtxColor.uexp" 145
"../../../Engine/Plugins/Runtime/HairStrands/Content/Materials/HairMeshesDefaultMaterial.uasset" 146
"../../../Engine/Plugins/Runtime/HairStrands/Content/Materials/HairMeshesDefaultMaterial.uexp" 147
"../../../Engine/Plugins/Runtime/HairStrands/Content/Materials/HairDefaultMaterial.uasset" 148
"../../../Engine/Plugins/Runtime/HairStrands/Content/Materials/HairDefaultMaterial.uexp" 149
"../../../Engine/Plugins/Runtime/HairStrands/Content/Materials/HairGroupColors.uasset" 150
"../../../Engine/Plugins/Runtime/HairStrands/Content/Materials/HairGroupColors.uexp" 151
"../../../Engine/Content/Functions/Engine_MaterialFunctions02/Utility/MakeFloat2.uasset" 152
"../../../Engine/Content/Functions/Engine_MaterialFunctions02/Utility/MakeFloat2.uexp" 153
"../../../Engine/Content/Functions/Engine_MaterialFunctions02/Utility/MakeFloat3.uasset" 154
"../../../Engine/Content/Functions/Engine_MaterialFunctions02/Utility/MakeFloat3.uexp" 155
"../../../Engine/Content/EngineMaterials/HairColorMap.uasset" 156
"../../../Engine/Content/EngineMaterials/HairColorMap.uexp" 157
"../../../Engine/Content/EngineMaterials/HairDebugColor.uasset" 158
"../../../Engine/Content/EngineMaterials/HairDebugColor.uexp" 159
"../../../Engine/Plugins/Runtime/HairStrands/Content/Materials/HairDebugMaterial.uasset" 160
"../../../Engine/Plugins/Runtime/HairStrands/Content/Materials/HairDebugMaterial.uexp" 161
"../../../Engine/Plugins/Runtime/HairStrands/Content/Materials/HairCardsDefaultMaterial.uasset" 162
"../../../Engine/Plugins/Runtime/HairStrands/Content/Materials/HairCardsDefaultMaterial.uexp" 163
"../../../Engine/Plugins/Interchange/Assets/Content/Functions/MX_UsdPreviewSurface.uasset" 164
"../../../Engine/Plugins/Interchange/Assets/Content/Functions/MX_UsdPreviewSurface.uexp" 165
"../../../Engine/Plugins/Interchange/Assets/Content/Functions/MX_UniformEDF.uasset" 166
"../../../Engine/Plugins/Interchange/Assets/Content/Functions/MX_UniformEDF.uexp" 167
"../../../Engine/Plugins/Interchange/Assets/Content/Functions/MX_TranslucentBSDF.uasset" 168
"../../../Engine/Plugins/Interchange/Assets/Content/Functions/MX_TranslucentBSDF.uexp" 169
"../../../Engine/Plugins/Interchange/Assets/Content/Functions/MX_ThinFilmBSDF.uasset" 170
"../../../Engine/Plugins/Interchange/Assets/Content/Functions/MX_ThinFilmBSDF.uexp" 171
"../../../Engine/Plugins/Interchange/Assets/Content/Functions/MX_SurfaceUnlit.uasset" 172
"../../../Engine/Plugins/Interchange/Assets/Content/Functions/MX_SurfaceUnlit.uexp" 173
"../../../Engine/Plugins/Interchange/Assets/Content/Functions/MX_Surface.uasset" 174
"../../../Engine/Plugins/Interchange/Assets/Content/Functions/MX_Surface.uexp" 175
"../../../Engine/Plugins/Interchange/Assets/Content/Functions/MX_SubsurfaceBSDF.uasset" 176
"../../../Engine/Plugins/Interchange/Assets/Content/Functions/MX_SubsurfaceBSDF.uexp" 177
"../../../Engine/Plugins/Interchange/Assets/Content/Functions/MX_SheenBSDF.uasset" 178
"../../../Engine/Plugins/Interchange/Assets/Content/Functions/MX_SheenBSDF.uexp" 179
"../../../Engine/Plugins/Interchange/Assets/Content/Functions/MX_OrenNayarBSDF.uasset" 180
"../../../Engine/Plugins/Interchange/Assets/Content/Functions/MX_OrenNayarBSDF.uexp" 181
"../../../Engine/Plugins/Interchange/Assets/Content/Utilities/New_LUT.uasset" 182
"../../../Engine/Plugins/Interchange/Assets/Content/Utilities/New_LUT.uexp" 183
"../../../Engine/Content/Functions/Engine_MaterialFunctions03/Math/RemapValueRange.uasset" 184
"../../../Engine/Content/Functions/Engine_MaterialFunctions03/Math/RemapValueRange.uexp" 185
"../../../Engine/Plugins/Interchange/Assets/Content/Functions/MF_Iridescence.uasset" 186
"../../../Engine/Plugins/Interchange/Assets/Content/Functions/MF_Iridescence.uexp" 187
"../../../Engine/Plugins/Interchange/Assets/Content/Functions/MX_StandardSurface.uasset" 188
"../../../Engine/Plugins/Interchange/Assets/Content/Functions/MX_StandardSurface.uexp" 189
"../../../Engine/Plugins/Interchange/Assets/Content/Functions/MX_TransmissionSurface.uasset" 190
"../../../Engine/Plugins/Interchange/Assets/Content/Functions/MX_TransmissionSurface.uexp" 191
"../../../Engine/Plugins/Interchange/Assets/Content/Functions/MX_OpenPBR_Translucent.uasset" 192
"../../../Engine/Plugins/Interchange/Assets/Content/Functions/MX_OpenPBR_Translucent.uexp" 193
"../../../Engine/Plugins/Interchange/Assets/Content/Functions/MX_OpenPBR_Opaque.uasset" 194
"../../../Engine/Plugins/Interchange/Assets/Content/Functions/MX_OpenPBR_Opaque.uexp" 195
"../../../Engine/Plugins/Interchange/Assets/Content/Functions/MX_MeasuredEDF.uasset" 196
"../../../Engine/Plugins/Interchange/Assets/Content/Functions/MX_MeasuredEDF.uexp" 197
"../../../Engine/Plugins/Interchange/Assets/Content/Functions/MX_GeneralizedSchlickBSDF.uasset" 198
"../../../Engine/Plugins/Interchange/Assets/Content/Functions/MX_GeneralizedSchlickBSDF.uexp" 199
"../../../Engine/Plugins/Interchange/Assets/Content/Functions/MX_DielectricBSDF.uasset" 200
"../../../Engine/Plugins/Interchange/Assets/Content/Functions/MX_DielectricBSDF.uexp" 201
"../../../Engine/Plugins/Interchange/Assets/Content/Functions/MX_ConicalEDF.uasset" 202
"../../../Engine/Plugins/Interchange/Assets/Content/Functions/MX_ConicalEDF.uexp" 203
"../../../Engine/Plugins/Interchange/Assets/Content/Functions/MX_ConductorBSDF.uasset" 204
"../../../Engine/Plugins/Interchange/Assets/Content/Functions/MX_ConductorBSDF.uexp" 205
"../../../Engine/Plugins/Interchange/Assets/Content/Functions/MX_BurleyDiffuseBSDF.uasset" 206
"../../../Engine/Plugins/Interchange/Assets/Content/Functions/MX_BurleyDiffuseBSDF.uexp" 207
"../../../Engine/Plugins/Interchange/Assets/Content/Functions/MX_AnisotropicVDF.uasset" 208
"../../../Engine/Plugins/Interchange/Assets/Content/Functions/MX_AnisotropicVDF.uexp" 209
"../../../Engine/Plugins/Interchange/Assets/Content/Functions/MX_AbsorptionVDF.uasset" 210
"../../../Engine/Plugins/Interchange/Assets/Content/Functions/MX_AbsorptionVDF.uexp" 211
"../../../Engine/Plugins/Editor/SpeedTreeImporter/Content/SpeedTree9/game_wind_noise.ubulk" 212
"../../../Engine/Plugins/Editor/SpeedTreeImporter/Content/SpeedTree9/game_wind_noise.uasset" 213
"../../../Engine/Plugins/Editor/SpeedTreeImporter/Content/SpeedTree9/game_wind_noise.uexp" 214
"../../../Engine/Plugins/Editor/SpeedTreeImporter/Content/SpeedTree9/UnpackDirection.uasset" 215
"../../../Engine/Plugins/Editor/SpeedTreeImporter/Content/SpeedTree9/UnpackDirection.uexp" 216
"../../../Engine/Content/Functions/Engine_MaterialFunctions02/ObjectLocalBounds.uasset" 217
"../../../Engine/Content/Functions/Engine_MaterialFunctions02/ObjectLocalBounds.uexp" 218
"../../../Engine/Content/Functions/Engine_MaterialFunctions02/Utility/BreakOutFloat3Components.uasset" 219
"../../../Engine/Content/Functions/Engine_MaterialFunctions02/Utility/BreakOutFloat3Components.uexp" 220
"../../../Engine/Content/Functions/Engine_MaterialFunctions02/UVs/BoundingBoxBased_0-1_UVW.uasset" 221
"../../../Engine/Content/Functions/Engine_MaterialFunctions02/UVs/BoundingBoxBased_0-1_UVW.uexp" 222
"../../../Engine/Content/Functions/Engine_MaterialFunctions02/Utility/VectorLength.uasset" 223
"../../../Engine/Content/Functions/Engine_MaterialFunctions02/Utility/VectorLength.uexp" 224
"../../../Engine/Plugins/Editor/SpeedTreeImporter/Content/SpeedTree9/UnpackInteger3.uasset" 225
"../../../Engine/Plugins/Editor/SpeedTreeImporter/Content/SpeedTree9/UnpackInteger3.uexp" 226
"../../../Engine/Plugins/Editor/SpeedTreeImporter/Content/SpeedTree9/SpeedTreeCameraFacing.uasset" 227
"../../../Engine/Plugins/Editor/SpeedTreeImporter/Content/SpeedTree9/SpeedTreeCameraFacing.uexp" 228
"../../../Engine/Content/Functions/Engine_MaterialFunctions02/WorldPositionOffset/ObjectScale.uasset" 229
"../../../Engine/Content/Functions/Engine_MaterialFunctions02/WorldPositionOffset/ObjectScale.uexp" 230
"../../../Engine/Content/Functions/Engine_MaterialFunctions02/SafeNormalize.uasset" 231
"../../../Engine/Content/Functions/Engine_MaterialFunctions02/SafeNormalize.uexp" 232
"../../../Engine/Plugins/Editor/SpeedTreeImporter/Content/SpeedTree9/SpeedTreeWindMotion.uasset" 233
"../../../Engine/Plugins/Editor/SpeedTreeImporter/Content/SpeedTree9/SpeedTreeWindMotion.uexp" 234
"../../../Engine/Plugins/Editor/SpeedTreeImporter/Content/SpeedTree9/SpeedTreeBranchMotion.uasset" 235
"../../../Engine/Plugins/Editor/SpeedTreeImporter/Content/SpeedTree9/SpeedTreeBranchMotion.uexp" 236
"../../../Engine/Plugins/Editor/SpeedTreeImporter/Content/SpeedTree9/SpeedTreeWind.uasset" 237
"../../../Engine/Plugins/Editor/SpeedTreeImporter/Content/SpeedTree9/SpeedTreeWind.uexp" 238
"../../../Engine/Plugins/Editor/SpeedTreeImporter/Content/SpeedTree9/EmptyNormal.uasset" 239
"../../../Engine/Plugins/Editor/SpeedTreeImporter/Content/SpeedTree9/EmptyNormal.uexp" 240
"../../../Engine/Plugins/Editor/SpeedTreeImporter/Content/SpeedTree9/Empty.uasset" 241
"../../../Engine/Plugins/Editor/SpeedTreeImporter/Content/SpeedTree9/Empty.uexp" 242
"../../../Engine/Plugins/Editor/SpeedTreeImporter/Content/SpeedTree9/SpeedTreeMaster.uasset" 243
"../../../Engine/Plugins/Editor/SpeedTreeImporter/Content/SpeedTree9/SpeedTreeMaster.uexp" 244
"../../../Engine/Plugins/Editor/SpeedTreeImporter/Content/SpeedTree9/SpeedTreeBillboard.uasset" 245
"../../../Engine/Plugins/Editor/SpeedTreeImporter/Content/SpeedTree9/SpeedTreeBillboard.uexp" 246
"../../../Engine/Plugins/Editor/SpeedTreeImporter/Content/SpeedTree9/SpeedTreeBillboardMaster.uasset" 247
"../../../Engine/Plugins/Editor/SpeedTreeImporter/Content/SpeedTree9/SpeedTreeBillboardMaster.uexp" 248
"../../../Engine/Plugins/Animation/ControlRig/Content/Controls/ControlRigXRayMaterial.uasset" 249
"../../../Engine/Plugins/Animation/ControlRig/Content/Controls/ControlRigXRayMaterial.uexp" 250
"../../../Engine/Plugins/Animation/ControlRig/Content/Controls/ControlRigGizmoMaterial.uasset" 251
"../../../Engine/Plugins/Animation/ControlRig/Content/Controls/ControlRigGizmoMaterial.uexp" 252
"../../../Engine/Content/EngineMaterials/WeightMapPlaceholderTexture.uasset" 253
"../../../Engine/Content/EngineMaterials/WeightMapPlaceholderTexture.uexp" 254
"../../../Engine/Content/EngineMaterials/WeightMapArrayPlaceholderTexture.uasset" 255
"../../../Engine/Content/EngineMaterials/WeightMapArrayPlaceholderTexture.uexp" 256
"../../../Engine/Content/EngineMaterials/RemoveSurfaceMaterial.uasset" 257
"../../../Engine/Content/EngineMaterials/RemoveSurfaceMaterial.uexp" 258
"../../../Engine/Content/EngineMaterials/DefaultCalibrationGrayscale.uasset" 259
"../../../Engine/Content/EngineMaterials/DefaultCalibrationGrayscale.uexp" 260
"../../../Engine/Content/EngineMaterials/PPM_DefaultCalibrationGrayscale.uasset" 261
"../../../Engine/Content/EngineMaterials/PPM_DefaultCalibrationGrayscale.uexp" 262
"../../../Engine/Content/EngineMaterials/DefaultCalibrationColor.uasset" 263
"../../../Engine/Content/EngineMaterials/DefaultCalibrationColor.uexp" 264
"../../../Engine/Content/EngineMaterials/PPM_DefaultCalibrationColor.uasset" 265
"../../../Engine/Content/EngineMaterials/PPM_DefaultCalibrationColor.uexp" 266
"../../../Engine/Content/EngineMaterials/PhAT_JointLimitMaterial.uasset" 267
"../../../Engine/Content/EngineMaterials/PhAT_JointLimitMaterial.uexp" 268
"../../../Engine/Content/EngineMaterials/NaniteHiddenSectionMaterial.uasset" 269
"../../../Engine/Content/EngineMaterials/NaniteHiddenSectionMaterial.uexp" 270
"../../../Engine/Content/EngineMaterials/InvalidLightmapSettings.ubulk" 271
"../../../Engine/Content/EngineMaterials/InvalidLightmapSettings.uasset" 272
"../../../Engine/Content/EngineMaterials/InvalidLightmapSettings.uexp" 273
"../../../Engine/Content/EngineMaterials/M_InvalidLightmapSettings.uasset" 274
"../../../Engine/Content/EngineMaterials/M_InvalidLightmapSettings.uexp" 275
"../../../Engine/Content/EngineMaterials/GizmoMaterial.uasset" 276
"../../../Engine/Content/EngineMaterials/GizmoMaterial.uexp" 277
"../../../Engine/Content/EngineMaterials/BaseFlattenEmissiveMap_VT.uasset" 278
"../../../Engine/Content/EngineMaterials/BaseFlattenEmissiveMap_VT.uexp" 279
"../../../Engine/Content/EngineMaterials/BaseFlattenGrayscaleMap_VT.uasset" 280
"../../../Engine/Content/EngineMaterials/BaseFlattenGrayscaleMap_VT.uexp" 281
"../../../Engine/Content/EngineMaterials/BaseFlattenLinearColor_VT.uasset" 282
"../../../Engine/Content/EngineMaterials/BaseFlattenLinearColor_VT.uexp" 283
"../../../Engine/Content/EngineMaterials/Black_1x1_EXR_Texture_VT.uasset" 284
"../../../Engine/Content/EngineMaterials/Black_1x1_EXR_Texture_VT.uexp" 285
"../../../Engine/Content/EngineMaterials/BaseFlattenDiffuseMap_VT.uasset" 286
"../../../Engine/Content/EngineMaterials/BaseFlattenDiffuseMap_VT.uexp" 287
"../../../Engine/Content/EngineMaterials/BaseFlattenNormalMap_VT.uasset" 288
"../../../Engine/Content/EngineMaterials/BaseFlattenNormalMap_VT.uexp" 289
"../../../Engine/Content/EngineMaterials/FlattenMaterial_WS_Normal_VT.uasset" 290
"../../../Engine/Content/EngineMaterials/FlattenMaterial_WS_Normal_VT.uexp" 291
"../../../Engine/Content/EngineMaterials/FlattenMaterial_VT.uasset" 292
"../../../Engine/Content/EngineMaterials/FlattenMaterial_VT.uexp" 293
"../../../Engine/Content/EngineMaterials/BaseFlattenNormalMap.uasset" 294
"../../../Engine/Content/EngineMaterials/BaseFlattenNormalMap.uexp" 295
"../../../Engine/Content/EngineMaterials/BaseFlattenGrayscaleMap.uasset" 296
"../../../Engine/Content/EngineMaterials/BaseFlattenGrayscaleMap.uexp" 297
"../../../Engine/Content/EngineMaterials/BaseFlattenDiffuseMap.uasset" 298
"../../../Engine/Content/EngineMaterials/BaseFlattenDiffuseMap.uexp" 299
"../../../Engine/Content/Functions/Engine_MaterialFunctions02/PivotPainter2/Black_1x1_EXR_Texture.uasset" 300
"../../../Engine/Content/Functions/Engine_MaterialFunctions02/PivotPainter2/Black_1x1_EXR_Texture.uexp" 301
"../../../Engine/Content/EngineMaterials/BaseFlattenEmissiveMap.uasset" 302
"../../../Engine/Content/EngineMaterials/BaseFlattenEmissiveMap.uexp" 303
"../../../Engine/Content/EngineMaterials/BaseFlattenLinearColor.uasset" 304
"../../../Engine/Content/EngineMaterials/BaseFlattenLinearColor.uexp" 305
"../../../Engine/Content/EngineMaterials/FlattenMaterial.uasset" 306
"../../../Engine/Content/EngineMaterials/FlattenMaterial.uexp" 307
"../../../Engine/Content/EngineMaterials/DefaultWhiteGrid_Low.uasset" 308
"../../../Engine/Content/EngineMaterials/DefaultWhiteGrid_Low.uexp" 309
"../../../Engine/Content/EngineMaterials/EmissiveMeshMaterial.uasset" 310
"../../../Engine/Content/EngineMaterials/EmissiveMeshMaterial.uexp" 311
"../../../Engine/Content/EngineFonts/RobotoDistanceField.uasset" 312
"../../../Engine/Content/EngineFonts/RobotoDistanceField.uexp" 313
"../../../Engine/Content/EngineMaterials/DefaultTextMaterialOpaque.uasset" 314
"../../../Engine/Content/EngineMaterials/DefaultTextMaterialOpaque.uexp" 315
"../../../Engine/Content/EngineMaterials/DefaultDiffuse.ubulk" 316
"../../../Engine/Content/EngineMaterials/DefaultDiffuse.uasset" 317
"../../../Engine/Content/EngineMaterials/DefaultDiffuse.uexp" 318
"../../../Engine/Content/Functions/Engine_MaterialFunctions02/Utility/BreakOutFloat2Components.uasset" 319
"../../../Engine/Content/Functions/Engine_MaterialFunctions02/Utility/BreakOutFloat2Components.uexp" 320
"../../../Engine/Content/EngineMaterials/DefaultPostProcessMaterial.uasset" 321
"../../../Engine/Content/EngineMaterials/DefaultPostProcessMaterial.uexp" 322
"../../../Engine/Content/EngineMaterials/DefaultLightFunctionMaterial.uasset" 323
"../../../Engine/Content/EngineMaterials/DefaultLightFunctionMaterial.uexp" 324
"../../../Engine/Content/EngineMaterials/DefaultDeferredDecalMaterial.uasset" 325
"../../../Engine/Content/EngineMaterials/DefaultDeferredDecalMaterial.uexp" 326
"../../../Engine/Content/Functions/Engine_MaterialFunctions02/Utility/CameraDirectionVector.uasset" 327
"../../../Engine/Content/Functions/Engine_MaterialFunctions02/Utility/CameraDirectionVector.uexp" 328
"../../../Engine/Content/EngineDebugMaterials/VolumeToRender.uasset" 329
"../../../Engine/Content/EngineDebugMaterials/VolumeToRender.uexp" 330
"../../../Engine/Content/EngineDebugMaterials/M_VolumeRenderSphereTracePP.uasset" 331
"../../../Engine/Content/EngineDebugMaterials/M_VolumeRenderSphereTracePP.uexp" 332
"../../../Engine/Content/EngineDebugMaterials/M_SimpleUnlitTranslucent.uasset" 333
"../../../Engine/Content/EngineDebugMaterials/M_SimpleUnlitTranslucent.uexp" 334
"../../../Engine/Content/EngineDebugMaterials/DebugMeshMaterial.uasset" 335
"../../../Engine/Content/EngineDebugMaterials/DebugMeshMaterial.uexp" 336
"../../../Engine/Content/EngineDebugMaterials/DebugEditorMaterial.uasset" 337
"../../../Engine/Content/EngineDebugMaterials/DebugEditorMaterial.uexp" 338
"../../../Engine/Content/EditorMaterials/PreviewShadowIndicator.ubulk" 339
"../../../Engine/Content/EditorMaterials/PreviewShadowIndicator.uasset" 340
"../../../Engine/Content/EditorMaterials/PreviewShadowIndicator.uexp" 341
"../../../Engine/Content/EditorMaterials/PreviewShadowIndicatorMaterial.uasset" 342
"../../../Engine/Content/EditorMaterials/PreviewShadowIndicatorMaterial.uexp" 343
"../../../Engine/Content/EditorMaterials/PhAT_UnselectedMaterial.uasset" 344
"../../../Engine/Content/EditorMaterials/PhAT_UnselectedMaterial.uexp" 345
"../../../Engine/Content/EditorMaterials/PhAT_NoCollisionMaterial.uasset" 346
"../../../Engine/Content/EditorMaterials/PhAT_NoCollisionMaterial.uexp" 347
"../../../Engine/Content/BasicShapes/BasicShapeMaterial.uasset" 348
"../../../Engine/Content/BasicShapes/BasicShapeMaterial.uexp" 349
"../../../Engine/Content/EditorMaterials/Dataflow/DataflowVertexMaterial.uasset" 350
"../../../Engine/Content/EditorMaterials/Dataflow/DataflowVertexMaterial.uexp" 351
"../../../Engine/Content/EditorMaterials/Dataflow/DataflowTwoSidedVertexMaterial.uasset" 352
"../../../Engine/Content/EditorMaterials/Dataflow/DataflowTwoSidedVertexMaterial.uexp" 353
"C:/Discos/Proyectos/NEXCODE/gateway/Content/Gateway/Materials/M_Star.uasset" 354
"C:/Discos/Proyectos/NEXCODE/gateway/Content/Gateway/Materials/M_Star.uexp" 355
"C:/Discos/Proyectos/NEXCODE/gateway/Content/Gateway/Materials/M_Post.uasset" 356
"C:/Discos/Proyectos/NEXCODE/gateway/Content/Gateway/Materials/M_Post.uexp" 357
"C:/Discos/Proyectos/NEXCODE/gateway/Content/Gateway/Materials/M_Panel.uasset" 358
"C:/Discos/Proyectos/NEXCODE/gateway/Content/Gateway/Materials/M_Panel.uexp" 359
"C:/Discos/Proyectos/NEXCODE/gateway/Content/Gateway/Images/T_Nebula01.uasset" 360
"C:/Discos/Proyectos/NEXCODE/gateway/Content/Gateway/Images/T_Nebula01.uexp" 361
"C:/Discos/Proyectos/NEXCODE/gateway/Content/Gateway/Materials/M_Dome.uasset" 362
"C:/Discos/Proyectos/NEXCODE/gateway/Content/Gateway/Materials/M_Dome.uexp" 363
"../../../Engine/Content/Functions/Engine_MaterialFunctions01/Shading/PowerToRoughness.uasset" 364
"../../../Engine/Content/Functions/Engine_MaterialFunctions01/Shading/PowerToRoughness.uexp" 365
"../../../Engine/Content/Functions/Engine_MaterialFunctions01/Shading/ConvertFromDiffSpec.uasset" 366
"../../../Engine/Content/Functions/Engine_MaterialFunctions01/Shading/ConvertFromDiffSpec.uexp" 367
"../../../Engine/Content/EngineMaterials/Substrate/Volume/SubstrateSimpleVolumeLUT3D.uasset" 368
"../../../Engine/Content/EngineMaterials/Substrate/Volume/SubstrateSimpleVolumeLUT3D.uexp" 369
"../../../Engine/Content/EngineMaterials/Substrate/Volume/SubstrateSimpleVolumeEnvLUT3D.uasset" 370
"../../../Engine/Content/EngineMaterials/Substrate/Volume/SubstrateSimpleVolumeEnvLUT3D.uexp" 371
"../../../Engine/Content/EngineMaterials/Substrate/GLints2/AGlintTex2dArray2.uasset" 372
"../../../Engine/Content/EngineMaterials/Substrate/GLints2/AGlintTex2dArray2.uexp" 373
"../../../Engine/Content/EngineMaterials/Substrate/GLints/AGlintTex2dArray.uasset" 374
"../../../Engine/Content/EngineMaterials/Substrate/GLints/AGlintTex2dArray.uexp" 375
"../../../Engine/Content/EngineMeshes/Sphere.uasset" 376
"../../../Engine/Content/EngineMeshes/Sphere.uexp" 377
"../../../Engine/Content/EngineMaterials/T_Default_Material_Grid_M.ubulk" 378
"../../../Engine/Content/EngineMaterials/T_Default_Material_Grid_M.uasset" 379
"../../../Engine/Content/EngineMaterials/T_Default_Material_Grid_M.uexp" 380
"../../../Engine/Content/EngineMaterials/T_Default_Material_Grid_N.ubulk" 381
"../../../Engine/Content/EngineMaterials/T_Default_Material_Grid_N.uasset" 382
"../../../Engine/Content/EngineMaterials/T_Default_Material_Grid_N.uexp" 383
"../../../Engine/Content/Functions/Engine_MaterialFunctions01/Opacity/CameraDepthFade.uasset" 384
"../../../Engine/Content/Functions/Engine_MaterialFunctions01/Opacity/CameraDepthFade.uexp" 385
"../../../Engine/Content/EngineMaterials/WorldGridMaterial.uasset" 386
"../../../Engine/Content/EngineMaterials/WorldGridMaterial.uexp" 387
"../../../Engine/Plugins/Media/MediaPlate/Content/SM_MediaPlateScreen.uasset" 388
"../../../Engine/Plugins/Media/MediaPlate/Content/SM_MediaPlateScreen.uexp" 389
"../../../Engine/Plugins/2D/Paper2D/Content/DefaultSpriteMaterial.uasset" 390
"../../../Engine/Plugins/2D/Paper2D/Content/DefaultSpriteMaterial.uexp" 391
"../../../Engine/Plugins/2D/Paper2D/Content/OpaqueUnlitSpriteMaterial.uasset" 392
"../../../Engine/Plugins/2D/Paper2D/Content/OpaqueUnlitSpriteMaterial.uexp" 393
"../../../Engine/Plugins/2D/Paper2D/Content/MaskedUnlitSpriteMaterial.uasset" 394
"../../../Engine/Plugins/2D/Paper2D/Content/MaskedUnlitSpriteMaterial.uexp" 395
"../../../Engine/Content/Functions/Engine_MaterialFunctions02/Texturing/CustomRotator.uasset" 396
"../../../Engine/Content/Functions/Engine_MaterialFunctions02/Texturing/CustomRotator.uexp" 397
"../../../Engine/Content/Functions/Engine_MaterialFunctions01/Texturing/ScaleUVsByCenter.uasset" 398
"../../../Engine/Content/Functions/Engine_MaterialFunctions01/Texturing/ScaleUVsByCenter.uexp" 399
"../../../Engine/Plugins/Runtime/AudioWidgets/Content/AudioMaterialSlate/Functions/MF_SingleLine_Smooth.uasset" 400
"../../../Engine/Plugins/Runtime/AudioWidgets/Content/AudioMaterialSlate/Functions/MF_SingleLine_Smooth.uexp" 401
"../../../Engine/Plugins/Runtime/AudioWidgets/Content/AudioMaterialSlate/Functions/MF_AngleGradient.uasset" 402
"../../../Engine/Plugins/Runtime/AudioWidgets/Content/AudioMaterialSlate/Functions/MF_AngleGradient.uexp" 403
"../../../Engine/Plugins/Runtime/AudioWidgets/Content/AudioMaterialSlate/Functions/MF_SingleLine.uasset" 404
"../../../Engine/Plugins/Runtime/AudioWidgets/Content/AudioMaterialSlate/Functions/MF_SingleLine.uexp" 405
"../../../Engine/Content/Functions/Engine_MaterialFunctions01/Gradient/SphereGradient-2D.uasset" 406
"../../../Engine/Content/Functions/Engine_MaterialFunctions01/Gradient/SphereGradient-2D.uexp" 407
"../../../Engine/Plugins/Runtime/AudioWidgets/Content/AudioMaterialSlate/M_AudioMaterialToggleButton.uasset" 408
"../../../Engine/Plugins/Runtime/AudioWidgets/Content/AudioMaterialSlate/M_AudioMaterialToggleButton.uexp" 409
"../../../Engine/Plugins/Runtime/AudioWidgets/Content/AudioMaterialSlate/MI_AudioMaterialToggleButton.uasset" 410
"../../../Engine/Plugins/Runtime/AudioWidgets/Content/AudioMaterialSlate/MI_AudioMaterialToggleButton.uexp" 411
"../../../Engine/Content/Functions/Engine_MaterialFunctions01/Gradient/GeneratedRoundRect.uasset" 412
"../../../Engine/Content/Functions/Engine_MaterialFunctions01/Gradient/GeneratedRoundRect.uexp" 413
"../../../Engine/Plugins/Runtime/AudioWidgets/Content/AudioMaterialSlate/M_AudioMaterialRoundedSlider.uasset" 414
"../../../Engine/Plugins/Runtime/AudioWidgets/Content/AudioMaterialSlate/M_AudioMaterialRoundedSlider.uexp" 415
"../../../Engine/Plugins/Runtime/AudioWidgets/Content/AudioMaterialSlate/MI_AudioMaterialRoundedSlider.uasset" 416
"../../../Engine/Plugins/Runtime/AudioWidgets/Content/AudioMaterialSlate/MI_AudioMaterialRoundedSlider.uexp" 417
"../../../Engine/Plugins/Runtime/AudioWidgets/Content/AudioMaterialSlate/Functions/MF_Lines.uasset" 418
"../../../Engine/Plugins/Runtime/AudioWidgets/Content/AudioMaterialSlate/Functions/MF_Lines.uexp" 419
"../../../Engine/Content/Functions/Engine_MaterialFunctions02/Lerp_3Color.uasset" 420
"../../../Engine/Content/Functions/Engine_MaterialFunctions02/Lerp_3Color.uexp" 421
"../../../Engine/Plugins/Runtime/AudioWidgets/Content/AudioMaterialSlate/M_AudioMaterialMeter.uasset" 422
"../../../Engine/Plugins/Runtime/AudioWidgets/Content/AudioMaterialSlate/M_AudioMaterialMeter.uexp" 423
"../../../Engine/Plugins/Runtime/AudioWidgets/Content/AudioMaterialSlate/MI_AudioMaterialMeter.uasset" 424
"../../../Engine/Plugins/Runtime/AudioWidgets/Content/AudioMaterialSlate/MI_AudioMaterialMeter.uexp" 425
"../../../Engine/Plugins/Runtime/AudioWidgets/Content/AudioMaterialSlate/M_AudioMaterialKnob.uasset" 426
"../../../Engine/Plugins/Runtime/AudioWidgets/Content/AudioMaterialSlate/M_AudioMaterialKnob.uexp" 427
"../../../Engine/Plugins/Runtime/AudioWidgets/Content/AudioMaterialSlate/MI_AudioMaterialKnob.uasset" 428
"../../../Engine/Plugins/Runtime/AudioWidgets/Content/AudioMaterialSlate/MI_AudioMaterialKnob.uexp" 429
"../../../Engine/Plugins/Runtime/AudioWidgets/Content/AudioMaterialSlate/Functions/MF_DotOutlined.uasset" 430
"../../../Engine/Plugins/Runtime/AudioWidgets/Content/AudioMaterialSlate/Functions/MF_DotOutlined.uexp" 431
"../../../Engine/Plugins/Runtime/AudioWidgets/Content/AudioMaterialSlate/M_AudioMaterialEnvelope_ADSR.uasset" 432
"../../../Engine/Plugins/Runtime/AudioWidgets/Content/AudioMaterialSlate/M_AudioMaterialEnvelope_ADSR.uexp" 433
"../../../Engine/Plugins/Runtime/AudioWidgets/Content/AudioMaterialSlate/MI_AudioMaterialEnvelope_ADSR.uasset" 434
"../../../Engine/Plugins/Runtime/AudioWidgets/Content/AudioMaterialSlate/MI_AudioMaterialEnvelope_ADSR.uexp" 435
"../../../Engine/Plugins/Animation/ControlRig/Content/Controls/ControlRig_Wedge_solid.uasset" 436
"../../../Engine/Plugins/Animation/ControlRig/Content/Controls/ControlRig_Wedge_solid.uexp" 437
"../../../Engine/Plugins/Animation/ControlRig/Content/Controls/ControlRig_Wedge_3mm.uasset" 438
"../../../Engine/Plugins/Animation/ControlRig/Content/Controls/ControlRig_Wedge_3mm.uexp" 439
"../../../Engine/Plugins/Animation/ControlRig/Content/Controls/ControlRig_Wedge_1mm.uasset" 440
"../../../Engine/Plugins/Animation/ControlRig/Content/Controls/ControlRig_Wedge_1mm.uexp" 441
"../../../Engine/Plugins/Animation/ControlRig/Content/Controls/ControlRig_Triangle_solid.uasset" 442
"../../../Engine/Plugins/Animation/ControlRig/Content/Controls/ControlRig_Triangle_solid.uexp" 443
"../../../Engine/Plugins/Animation/ControlRig/Content/Controls/ControlRig_Triangle_3mm.uasset" 444
"../../../Engine/Plugins/Animation/ControlRig/Content/Controls/ControlRig_Triangle_3mm.uexp" 445
"../../../Engine/Plugins/Animation/ControlRig/Content/Controls/ControlRig_Triangle_1mm.uasset" 446
"../../../Engine/Plugins/Animation/ControlRig/Content/Controls/ControlRig_Triangle_1mm.uexp" 447
"../../../Engine/Plugins/Animation/ControlRig/Content/Controls/ControlRig_Star4_solid.uasset" 448
"../../../Engine/Plugins/Animation/ControlRig/Content/Controls/ControlRig_Star4_solid.uexp" 449
"../../../Engine/Plugins/Animation/ControlRig/Content/Controls/ControlRig_Star4_3mm.uasset" 450
"../../../Engine/Plugins/Animation/ControlRig/Content/Controls/ControlRig_Star4_3mm.uexp" 451
"../../../Engine/Plugins/Animation/ControlRig/Content/Controls/ControlRig_Star4_1mm.uasset" 452
"../../../Engine/Plugins/Animation/ControlRig/Content/Controls/ControlRig_Star4_1mm.uexp" 453
"../../../Engine/Plugins/Animation/ControlRig/Content/Controls/ControlRig_Square_solid.uasset" 454
"../../../Engine/Plugins/Animation/ControlRig/Content/Controls/ControlRig_Square_solid.uexp" 455
"../../../Engine/Plugins/Animation/ControlRig/Content/Controls/ControlRig_Square_3mm.uasset" 456
"../../../Engine/Plugins/Animation/ControlRig/Content/Controls/ControlRig_Square_3mm.uexp" 457
"../../../Engine/Plugins/Animation/ControlRig/Content/Controls/ControlRig_Square_1mm.uasset" 458
"../../../Engine/Plugins/Animation/ControlRig/Content/Controls/ControlRig_Square_1mm.uexp" 459
"../../../Engine/Plugins/Animation/ControlRig/Content/Controls/ControlRig_Sphere_solid.uasset" 460
"../../../Engine/Plugins/Animation/ControlRig/Content/Controls/ControlRig_Sphere_solid.uexp" 461
"../../../Engine/Plugins/Animation/ControlRig/Content/Controls/ControlRig_Sphere_3mm.uasset" 462
"../../../Engine/Plugins/Animation/ControlRig/Content/Controls/ControlRig_Sphere_3mm.uexp" 463
"../../../Engine/Plugins/Animation/ControlRig/Content/Controls/ControlRig_Sphere_1mm.uasset" 464
"../../../Engine/Plugins/Animation/ControlRig/Content/Controls/ControlRig_Sphere_1mm.uexp" 465
"../../../Engine/Plugins/Animation/ControlRig/Content/Controls/ControlRig_RoundedTriangle_solid.uasset" 466
"../../../Engine/Plugins/Animation/ControlRig/Content/Controls/ControlRig_RoundedTriangle_solid.uexp" 467
"../../../Engine/Plugins/Animation/ControlRig/Content/Controls/ControlRig_RoundedTriangle_3mm.uasset" 468
"../../../Engine/Plugins/Animation/ControlRig/Content/Controls/ControlRig_RoundedTriangle_3mm.uexp" 469
"../../../Engine/Plugins/Animation/ControlRig/Content/Controls/ControlRig_RoundedTriangle_1mm.uasset" 470
"../../../Engine/Plugins/Animation/ControlRig/Content/Controls/ControlRig_RoundedTriangle_1mm.uexp" 471
"../../../Engine/Plugins/Animation/ControlRig/Content/Controls/ControlRig_RoundedSquare_solid.uasset" 472
"../../../Engine/Plugins/Animation/ControlRig/Content/Controls/ControlRig_RoundedSquare_solid.uexp" 473
"../../../Engine/Plugins/Animation/ControlRig/Content/Controls/ControlRig_RoundedSquare_3mm.uasset" 474
"../../../Engine/Plugins/Animation/ControlRig/Content/Controls/ControlRig_RoundedSquare_3mm.uexp" 475
"../../../Engine/Plugins/Animation/ControlRig/Content/Controls/ControlRig_RoundedSquare_1mm.uasset" 476
"../../../Engine/Plugins/Animation/ControlRig/Content/Controls/ControlRig_RoundedSquare_1mm.uexp" 477
"../../../Engine/Plugins/Animation/ControlRig/Content/Controls/ControlRig_QuarterCircle_solid.uasset" 478
"../../../Engine/Plugins/Animation/ControlRig/Content/Controls/ControlRig_QuarterCircle_solid.uexp" 479
"../../../Engine/Plugins/Animation/ControlRig/Content/Controls/ControlRig_QuarterCircle_3mm.uasset" 480
"../../../Engine/Plugins/Animation/ControlRig/Content/Controls/ControlRig_QuarterCircle_3mm.uexp" 481
"../../../Engine/Plugins/Animation/ControlRig/Content/Controls/ControlRig_QuarterCircle_1mm.uasset" 482
"../../../Engine/Plugins/Animation/ControlRig/Content/Controls/ControlRig_QuarterCircle_1mm.uexp" 483
"../../../Engine/Plugins/Animation/ControlRig/Content/Controls/ControlRig_Pyramid_solid.uasset" 484
"../../../Engine/Plugins/Animation/ControlRig/Content/Controls/ControlRig_Pyramid_solid.uexp" 485
"../../../Engine/Plugins/Animation/ControlRig/Content/Controls/ControlRig_Pyramid_3mm.uasset" 486
"../../../Engine/Plugins/Animation/ControlRig/Content/Controls/ControlRig_Pyramid_3mm.uexp" 487
"../../../Engine/Plugins/Animation/ControlRig/Content/Controls/ControlRig_Pyramid_1mm.uasset" 488
"../../../Engine/Plugins/Animation/ControlRig/Content/Controls/ControlRig_Pyramid_1mm.uexp" 489
"../../../Engine/Plugins/Animation/ControlRig/Content/Controls/ControlRig_Octagon_solid.uasset" 490
"../../../Engine/Plugins/Animation/ControlRig/Content/Controls/ControlRig_Octagon_solid.uexp" 491
"../../../Engine/Plugins/Animation/ControlRig/Content/Controls/ControlRig_Octagon_3mm.uasset" 492
"../../../Engine/Plugins/Animation/ControlRig/Content/Controls/ControlRig_Octagon_3mm.uexp" 493
"../../../Engine/Plugins/Animation/ControlRig/Content/Controls/ControlRig_Octagon_1mm.uasset" 494
"../../../Engine/Plugins/Animation/ControlRig/Content/Controls/ControlRig_Octagon_1mm.uexp" 495
"../../../Engine/Plugins/Animation/ControlRig/Content/Controls/ControlRig_Hexagon_solid.uasset" 496
"../../../Engine/Plugins/Animation/ControlRig/Content/Controls/ControlRig_Hexagon_solid.uexp" 497
"../../../Engine/Plugins/Animation/ControlRig/Content/Controls/ControlRig_Hexagon_3mm.uasset" 498
"../../../Engine/Plugins/Animation/ControlRig/Content/Controls/ControlRig_Hexagon_3mm.uexp" 499
"../../../Engine/Plugins/Animation/ControlRig/Content/Controls/ControlRig_Hexagon_1mm.uasset" 500
"../../../Engine/Plugins/Animation/ControlRig/Content/Controls/ControlRig_Hexagon_1mm.uexp" 501
"../../../Engine/Plugins/Animation/ControlRig/Content/Controls/ControlRig_HalfCircle_solid.uasset" 502
"../../../Engine/Plugins/Animation/ControlRig/Content/Controls/ControlRig_HalfCircle_solid.uexp" 503
"../../../Engine/Plugins/Animation/ControlRig/Content/Controls/ControlRig_HalfCircle_3mm.uasset" 504
"../../../Engine/Plugins/Animation/ControlRig/Content/Controls/ControlRig_HalfCircle_3mm.uexp" 505
"../../../Engine/Plugins/Animation/ControlRig/Content/Controls/ControlRig_HalfCircle_1mm.uasset" 506
"../../../Engine/Plugins/Animation/ControlRig/Content/Controls/ControlRig_HalfCircle_1mm.uexp" 507
"../../../Engine/Plugins/Animation/ControlRig/Content/Controls/ControlRig_Diamond_solid.uasset" 508
"../../../Engine/Plugins/Animation/ControlRig/Content/Controls/ControlRig_Diamond_solid.uexp" 509
"../../../Engine/Plugins/Animation/ControlRig/Content/Controls/ControlRig_Diamond_3mm.uasset" 510
"../../../Engine/Plugins/Animation/ControlRig/Content/Controls/ControlRig_Diamond_3mm.uexp" 511
"../../../Engine/Plugins/Animation/ControlRig/Content/Controls/ControlRig_Diamond_1mm.uasset" 512
"../../../Engine/Plugins/Animation/ControlRig/Content/Controls/ControlRig_Diamond_1mm.uexp" 513
"../../../Engine/Plugins/Animation/ControlRig/Content/Controls/ControlRig_Circle_solid.uasset" 514
"../../../Engine/Plugins/Animation/ControlRig/Content/Controls/ControlRig_Circle_solid.uexp" 515
"../../../Engine/Plugins/Animation/ControlRig/Content/Controls/ControlRig_Circle_3mm.uasset" 516
"../../../Engine/Plugins/Animation/ControlRig/Content/Controls/ControlRig_Circle_3mm.uexp" 517
"../../../Engine/Plugins/Animation/ControlRig/Content/Controls/ControlRig_Circle_1mm.uasset" 518
"../../../Engine/Plugins/Animation/ControlRig/Content/Controls/ControlRig_Circle_1mm.uexp" 519
"../../../Engine/Plugins/Animation/ControlRig/Content/Controls/ControlRig_Box_solid.uasset" 520
"../../../Engine/Plugins/Animation/ControlRig/Content/Controls/ControlRig_Box_solid.uexp" 521
"../../../Engine/Plugins/Animation/ControlRig/Content/Controls/ControlRig_Box_3mm.uasset" 522
"../../../Engine/Plugins/Animation/ControlRig/Content/Controls/ControlRig_Box_3mm.uexp" 523
"../../../Engine/Plugins/Animation/ControlRig/Content/Controls/ControlRig_Box_1mm.uasset" 524
"../../../Engine/Plugins/Animation/ControlRig/Content/Controls/ControlRig_Box_1mm.uexp" 525
"../../../Engine/Plugins/Animation/ControlRig/Content/Controls/ControlRig_Arrow_solid.uasset" 526
"../../../Engine/Plugins/Animation/ControlRig/Content/Controls/ControlRig_Arrow_solid.uexp" 527
"../../../Engine/Plugins/Animation/ControlRig/Content/Controls/ControlRig_Arrow_3mm.uasset" 528
"../../../Engine/Plugins/Animation/ControlRig/Content/Controls/ControlRig_Arrow_3mm.uexp" 529
"../../../Engine/Plugins/Animation/ControlRig/Content/Controls/ControlRig_Arrow_1mm.uasset" 530
"../../../Engine/Plugins/Animation/ControlRig/Content/Controls/ControlRig_Arrow_1mm.uexp" 531
"../../../Engine/Plugins/Animation/ControlRig/Content/Controls/ControlRig_Arrow4_solid.uasset" 532
"../../../Engine/Plugins/Animation/ControlRig/Content/Controls/ControlRig_Arrow4_solid.uexp" 533
"../../../Engine/Plugins/Animation/ControlRig/Content/Controls/ControlRig_Arrow4_3mm.uasset" 534
"../../../Engine/Plugins/Animation/ControlRig/Content/Controls/ControlRig_Arrow4_3mm.uexp" 535
"../../../Engine/Plugins/Animation/ControlRig/Content/Controls/ControlRig_Arrow4_1mm.uasset" 536
"../../../Engine/Plugins/Animation/ControlRig/Content/Controls/ControlRig_Arrow4_1mm.uexp" 537
"../../../Engine/Plugins/Animation/ControlRig/Content/Controls/ControlRig_Arrow2_solid.uasset" 538
"../../../Engine/Plugins/Animation/ControlRig/Content/Controls/ControlRig_Arrow2_solid.uexp" 539
"../../../Engine/Plugins/Animation/ControlRig/Content/Controls/ControlRig_Arrow2_3mm.uasset" 540
"../../../Engine/Plugins/Animation/ControlRig/Content/Controls/ControlRig_Arrow2_3mm.uexp" 541
"../../../Engine/Plugins/Animation/ControlRig/Content/Controls/ControlRig_Arrow2_1mm.uasset" 542
"../../../Engine/Plugins/Animation/ControlRig/Content/Controls/ControlRig_Arrow2_1mm.uexp" 543
"../../../Engine/Content/EngineResources/WhiteSquareTexture.uasset" 544
"../../../Engine/Content/EngineResources/WhiteSquareTexture.uexp" 545
"../../../Engine/Content/EngineMaterials/Widget3DPassThrough.uasset" 546
"../../../Engine/Content/EngineMaterials/Widget3DPassThrough.uexp" 547
"../../../Engine/Content/EngineMaterials/Widget3DPassThrough_Translucent.uasset" 548
"../../../Engine/Content/EngineMaterials/Widget3DPassThrough_Translucent.uexp" 549
"../../../Engine/Content/EngineMaterials/Widget3DPassThrough_Translucent_OneSided.uasset" 550
"../../../Engine/Content/EngineMaterials/Widget3DPassThrough_Translucent_OneSided.uexp" 551
"../../../Engine/Content/EngineMaterials/Widget3DPassThrough_Opaque.uasset" 552
"../../../Engine/Content/EngineMaterials/Widget3DPassThrough_Opaque.uexp" 553
"../../../Engine/Content/EngineMaterials/Widget3DPassThrough_Opaque_OneSided.uasset" 554
"../../../Engine/Content/EngineMaterials/Widget3DPassThrough_Opaque_OneSided.uexp" 555
"../../../Engine/Content/EngineMaterials/Widget3DPassThrough_Masked_OneSided.uasset" 556
"../../../Engine/Content/EngineMaterials/Widget3DPassThrough_Masked_OneSided.uexp" 557
"../../../Engine/Content/EngineMaterials/Widget3DPassThrough_Masked.uasset" 558
"../../../Engine/Content/EngineMaterials/Widget3DPassThrough_Masked.uexp" 559
"../../../Engine/Content/EditorLandscapeResources/SplineEditorMeshMat.uasset" 560
"../../../Engine/Content/EditorLandscapeResources/SplineEditorMeshMat.uexp" 561
"../../../Engine/Content/EditorLandscapeResources/SplineEditorMesh.uasset" 562
"../../../Engine/Content/EditorLandscapeResources/SplineEditorMesh.uexp" 563
"../../../Engine/Content/EngineMaterials/DefaultMaterial.uasset" 564
"../../../Engine/Content/EngineMaterials/DefaultMaterial.uexp" 565
"../../../Engine/Content/BasicShapes/Sphere.uasset" 566
"../../../Engine/Content/BasicShapes/Sphere.uexp" 567
"../../../Engine/Content/BasicShapes/Plane.uasset" 568
"../../../Engine/Content/BasicShapes/Plane.uexp" 569
"../../../Engine/Content/BasicShapes/Cylinder.uasset" 570
"../../../Engine/Content/BasicShapes/Cylinder.uexp" 571
"../../../Engine/Content/BasicShapes/Cube.uasset" 572
"../../../Engine/Content/BasicShapes/Cube.uexp" 573
"../../../Engine/Content/BasicShapes/Cone.uasset" 574
"../../../Engine/Content/BasicShapes/Cone.uexp" 575
"../../../Engine/Content/EngineResources/Black.uasset" 576
"../../../Engine/Content/EngineResources/Black.uexp" 577
"../../../Engine/Plugins/Runtime/OpenXR/Content/Devices/M_XRController.uasset" 578
"../../../Engine/Plugins/Runtime/OpenXR/Content/Devices/M_XRController.uexp" 579
"../../../Engine/Plugins/Runtime/OpenXR/Content/Devices/OculusGo/BaseTexture.ubulk" 580
"../../../Engine/Plugins/Runtime/OpenXR/Content/Devices/OculusGo/BaseTexture.uasset" 581
"../../../Engine/Plugins/Runtime/OpenXR/Content/Devices/OculusGo/BaseTexture.uexp" 582
"../../../Engine/Plugins/Runtime/OpenXR/Content/Devices/OculusGo/MI_OculusGo.uasset" 583
"../../../Engine/Plugins/Runtime/OpenXR/Content/Devices/OculusGo/MI_OculusGo.uexp" 584
"../../../Engine/Plugins/Runtime/OpenXR/Content/Devices/OculusGo/OculusGoController.uasset" 585
"../../../Engine/Plugins/Runtime/OpenXR/Content/Devices/OculusGo/OculusGoController.uexp" 586
"../../../Engine/Plugins/Runtime/OpenXR/Content/Devices/HTCVive/BaseTexture.ubulk" 587
"../../../Engine/Plugins/Runtime/OpenXR/Content/Devices/HTCVive/BaseTexture.uasset" 588
"../../../Engine/Plugins/Runtime/OpenXR/Content/Devices/HTCVive/BaseTexture.uexp" 589
"../../../Engine/Plugins/Runtime/OpenXR/Content/Devices/HTCVive/MI_HTCVive.uasset" 590
"../../../Engine/Plugins/Runtime/OpenXR/Content/Devices/HTCVive/MI_HTCVive.uexp" 591
"../../../Engine/Plugins/Runtime/OpenXR/Content/Devices/HTCVive/HTCViveController.uasset" 592
"../../../Engine/Plugins/Runtime/OpenXR/Content/Devices/HTCVive/HTCViveController.uexp" 593
"../../../Engine/Plugins/Interchange/Assets/Content/gltf/Textures/T_White_srgb.uasset" 594
"../../../Engine/Plugins/Interchange/Assets/Content/gltf/Textures/T_White_srgb.uexp" 595
"../../../Engine/Plugins/Interchange/Assets/Content/gltf/MaterialFunctions/MF_BaseColor.uasset" 596
"../../../Engine/Plugins/Interchange/Assets/Content/gltf/MaterialFunctions/MF_BaseColor.uexp" 597
"../../../Engine/Plugins/Interchange/Assets/Content/gltf/MaterialFunctions/MF_RotateV2.uasset" 598
"../../../Engine/Plugins/Interchange/Assets/Content/gltf/MaterialFunctions/MF_RotateV2.uexp" 599
"../../../Engine/Plugins/Interchange/Assets/Content/gltf/MaterialFunctions/MF_TransformUVs.uasset" 600
"../../../Engine/Plugins/Interchange/Assets/Content/gltf/MaterialFunctions/MF_TransformUVs.uexp" 601
"../../../Engine/Plugins/Interchange/Assets/Content/gltf/MaterialBodies/MF_Unlit_Body.uasset" 602
"../../../Engine/Plugins/Interchange/Assets/Content/gltf/MaterialBodies/MF_Unlit_Body.uexp" 603
"../../../Engine/Plugins/Interchange/Assets/Content/gltf/M_Unlit.uasset" 604
"../../../Engine/Plugins/Interchange/Assets/Content/gltf/M_Unlit.uexp" 605
"../../../Engine/Plugins/Interchange/Assets/Content/gltf/MaterialInstances/MI_Unlit_Opaque_DS.uasset" 606
"../../../Engine/Plugins/Interchange/Assets/Content/gltf/MaterialInstances/MI_Unlit_Opaque_DS.uexp" 607
"../../../Engine/Plugins/Interchange/Assets/Content/gltf/MaterialInstances/MI_Unlit_Opaque.uasset" 608
"../../../Engine/Plugins/Interchange/Assets/Content/gltf/MaterialInstances/MI_Unlit_Opaque.uexp" 609
"../../../Engine/Plugins/Interchange/Assets/Content/gltf/MaterialInstances/MI_Unlit_Mask_DS.uasset" 610
"../../../Engine/Plugins/Interchange/Assets/Content/gltf/MaterialInstances/MI_Unlit_Mask_DS.uexp" 611
"../../../Engine/Plugins/Interchange/Assets/Content/gltf/MaterialInstances/MI_Unlit_Mask.uasset" 612
"../../../Engine/Plugins/Interchange/Assets/Content/gltf/MaterialInstances/MI_Unlit_Mask.uexp" 613
"../../../Engine/Plugins/Interchange/Assets/Content/gltf/MaterialInstances/MI_Unlit_Blend_DS.uasset" 614
"../../../Engine/Plugins/Interchange/Assets/Content/gltf/MaterialInstances/MI_Unlit_Blend_DS.uexp" 615
"../../../Engine/Plugins/Interchange/Assets/Content/gltf/MaterialInstances/MI_Unlit_Blend.uasset" 616
"../../../Engine/Plugins/Interchange/Assets/Content/gltf/MaterialInstances/MI_Unlit_Blend.uexp" 617
"../../../Engine/Content/Functions/Engine_MaterialFunctions02/Math/Transform3x3Matrix.uasset" 618
"../../../Engine/Content/Functions/Engine_MaterialFunctions02/Math/Transform3x3Matrix.uexp" 619
"../../../Engine/Content/EngineMaterials/Good64x64TilingNoiseHighFreq.uasset" 620
"../../../Engine/Content/EngineMaterials/Good64x64TilingNoiseHighFreq.uexp" 621
"../../../Engine/Content/Functions/Engine_MaterialFunctions02/Texturing/ScreenAlignedPixelToPixelUVs.uasset" 622
"../../../Engine/Content/Functions/Engine_MaterialFunctions02/Texturing/ScreenAlignedPixelToPixelUVs.uexp" 623
"../../../Engine/Plugins/Interchange/Assets/Content/gltf/MaterialFunctions/MF_Temporal_Blur.uasset" 624
"../../../Engine/Plugins/Interchange/Assets/Content/gltf/MaterialFunctions/MF_Temporal_Blur.uexp" 625
"../../../Engine/Plugins/Interchange/Assets/Content/gltf/MaterialFunctions/MF_Specular.uasset" 626
"../../../Engine/Plugins/Interchange/Assets/Content/gltf/MaterialFunctions/MF_Specular.uexp" 627
"../../../Engine/Plugins/Interchange/Assets/Content/gltf/Textures/T_Anisotropy_Direction_Linear.uasset" 628
"../../../Engine/Plugins/Interchange/Assets/Content/gltf/Textures/T_Anisotropy_Direction_Linear.uexp" 629
"../../../Engine/Plugins/Interchange/Assets/Content/gltf/MaterialFunctions/MF_SpecularAnisotropy.uasset" 630
"../../../Engine/Plugins/Interchange/Assets/Content/gltf/MaterialFunctions/MF_SpecularAnisotropy.uexp" 631
"../../../Engine/Plugins/Interchange/Assets/Content/gltf/Textures/T_White_Linear.uasset" 632
"../../../Engine/Plugins/Interchange/Assets/Content/gltf/Textures/T_White_Linear.uexp" 633
"../../../Engine/Plugins/Interchange/Assets/Content/gltf/MaterialFunctions/MF_MetallicRoughness.uasset" 634
"../../../Engine/Plugins/Interchange/Assets/Content/gltf/MaterialFunctions/MF_MetallicRoughness.uexp" 635
"../../../Engine/Plugins/Interchange/Assets/Content/gltf/Textures/T_Generic_N.uasset" 636
"../../../Engine/Plugins/Interchange/Assets/Content/gltf/Textures/T_Generic_N.uexp" 637
"../../../Engine/Plugins/Interchange/Assets/Content/gltf/MaterialFunctions/MF_ScaleNormal.uasset" 638
"../../../Engine/Plugins/Interchange/Assets/Content/gltf/MaterialFunctions/MF_ScaleNormal.uexp" 639
"../../../Engine/Plugins/Interchange/Assets/Content/gltf/MaterialFunctions/MF_Fresnel_DS.uasset" 640
"../../../Engine/Plugins/Interchange/Assets/Content/gltf/MaterialFunctions/MF_Fresnel_DS.uexp" 641
"../../../Engine/Plugins/Interchange/Assets/Content/gltf/MaterialFunctions/MF_Iridescence.uasset" 642
"../../../Engine/Plugins/Interchange/Assets/Content/gltf/MaterialFunctions/MF_Iridescence.uexp" 643
"../../../Engine/Plugins/Interchange/Assets/Content/gltf/MaterialFunctions/MF_Occlusion.uasset" 644
"../../../Engine/Plugins/Interchange/Assets/Content/gltf/MaterialFunctions/MF_Occlusion.uexp" 645
"../../../Engine/Plugins/Interchange/Assets/Content/gltf/MaterialFunctions/MF_IOR.uasset" 646
"../../../Engine/Plugins/Interchange/Assets/Content/gltf/MaterialFunctions/MF_IOR.uexp" 647
"../../../Engine/Plugins/Interchange/Assets/Content/gltf/MaterialFunctions/MF_Transmission.uasset" 648
"../../../Engine/Plugins/Interchange/Assets/Content/gltf/MaterialFunctions/MF_Transmission.uexp" 649
"../../../Engine/Plugins/Interchange/Assets/Content/gltf/MaterialFunctions/MF_RotateNormals_TS.uasset" 650
"../../../Engine/Plugins/Interchange/Assets/Content/gltf/MaterialFunctions/MF_RotateNormals_TS.uexp" 651
"../../../Engine/Plugins/Interchange/Assets/Content/gltf/MaterialFunctions/MF_Normals.uasset" 652
"../../../Engine/Plugins/Interchange/Assets/Content/gltf/MaterialFunctions/MF_Normals.uexp" 653
"../../../Engine/Plugins/Interchange/Assets/Content/gltf/MaterialBodies/MF_Transmission_Body.uasset" 654
"../../../Engine/Plugins/Interchange/Assets/Content/gltf/MaterialBodies/MF_Transmission_Body.uexp" 655
"../../../Engine/Plugins/Interchange/Assets/Content/gltf/M_Transmission.uasset" 656
"../../../Engine/Plugins/Interchange/Assets/Content/gltf/M_Transmission.uexp" 657
"../../../Engine/Plugins/Interchange/Assets/Content/gltf/MaterialInstances/MI_Transmission_DS.uasset" 658
"../../../Engine/Plugins/Interchange/Assets/Content/gltf/MaterialInstances/MI_Transmission_DS.uexp" 659
"../../../Engine/Plugins/Interchange/Assets/Content/gltf/MaterialInstances/MI_Transmission.uasset" 660
"../../../Engine/Plugins/Interchange/Assets/Content/gltf/MaterialInstances/MI_Transmission.uexp" 661
"../../../Engine/Content/Functions/Engine_MaterialFunctions02/Math/AddComponents.uasset" 662
"../../../Engine/Content/Functions/Engine_MaterialFunctions02/Math/AddComponents.uexp" 663
"../../../Engine/Plugins/Interchange/Assets/Content/gltf/MaterialFunctions/MF_DiffuseSpecGloss.uasset" 664
"../../../Engine/Plugins/Interchange/Assets/Content/gltf/MaterialFunctions/MF_DiffuseSpecGloss.uexp" 665
"../../../Engine/Plugins/Interchange/Assets/Content/gltf/MaterialFunctions/MF_Emissive.uasset" 666
"../../../Engine/Plugins/Interchange/Assets/Content/gltf/MaterialFunctions/MF_Emissive.uexp" 667
"../../../Engine/Plugins/Interchange/Assets/Content/gltf/MaterialFunctions/MF_PerceivedBrightness.uasset" 668
"../../../Engine/Plugins/Interchange/Assets/Content/gltf/MaterialFunctions/MF_PerceivedBrightness.uexp" 669
"../../../Engine/Plugins/Interchange/Assets/Content/gltf/MaterialFunctions/MF_SpecGlossToMetalRoughness.uasset" 670
"../../../Engine/Plugins/Interchange/Assets/Content/gltf/MaterialFunctions/MF_SpecGlossToMetalRoughness.uexp" 671
"../../../Engine/Plugins/Interchange/Assets/Content/gltf/MaterialFunctions/MF_MaxComponentValue.uasset" 672
"../../../Engine/Plugins/Interchange/Assets/Content/gltf/MaterialFunctions/MF_MaxComponentValue.uexp" 673
"../../../Engine/Plugins/Interchange/Assets/Content/gltf/MaterialBodies/MF_SpecularGlossiness_Body.uasset" 674
"../../../Engine/Plugins/Interchange/Assets/Content/gltf/MaterialBodies/MF_SpecularGlossiness_Body.uexp" 675
"../../../Engine/Plugins/Interchange/Assets/Content/gltf/M_SpecularGlossiness.uasset" 676
"../../../Engine/Plugins/Interchange/Assets/Content/gltf/M_SpecularGlossiness.uexp" 677
"../../../Engine/Plugins/Interchange/Assets/Content/gltf/MaterialInstances/MI_SpecularGlossiness_Opaque_DS.uasset" 678
"../../../Engine/Plugins/Interchange/Assets/Content/gltf/MaterialInstances/MI_SpecularGlossiness_Opaque_DS.uexp" 679
"../../../Engine/Plugins/Interchange/Assets/Content/gltf/MaterialInstances/MI_SpecularGlossiness_Opaque.uasset" 680
"../../../Engine/Plugins/Interchange/Assets/Content/gltf/MaterialInstances/MI_SpecularGlossiness_Opaque.uexp" 681
"../../../Engine/Plugins/Interchange/Assets/Content/gltf/MaterialInstances/MI_SpecularGlossiness_Mask_DS.uasset" 682
"../../../Engine/Plugins/Interchange/Assets/Content/gltf/MaterialInstances/MI_SpecularGlossiness_Mask_DS.uexp" 683
"../../../Engine/Plugins/Interchange/Assets/Content/gltf/MaterialInstances/MI_SpecularGlossiness_Mask.uasset" 684
"../../../Engine/Plugins/Interchange/Assets/Content/gltf/MaterialInstances/MI_SpecularGlossiness_Mask.uexp" 685
"../../../Engine/Plugins/Interchange/Assets/Content/gltf/MaterialInstances/MI_SpecularGlossiness_Blend_DS.uasset" 686
"../../../Engine/Plugins/Interchange/Assets/Content/gltf/MaterialInstances/MI_SpecularGlossiness_Blend_DS.uexp" 687
"../../../Engine/Plugins/Interchange/Assets/Content/gltf/MaterialInstances/MI_SpecularGlossiness_Blend.uasset" 688
"../../../Engine/Plugins/Interchange/Assets/Content/gltf/MaterialInstances/MI_SpecularGlossiness_Blend.uexp" 689
"../../../Engine/Plugins/Interchange/Assets/Content/gltf/MaterialFunctions/MF_Sheen.uasset" 690
"../../../Engine/Plugins/Interchange/Assets/Content/gltf/MaterialFunctions/MF_Sheen.uexp" 691
"../../../Engine/Plugins/Interchange/Assets/Content/gltf/MaterialBodies/MF_Sheen_Body.uasset" 692
"../../../Engine/Plugins/Interchange/Assets/Content/gltf/MaterialBodies/MF_Sheen_Body.uexp" 693
"../../../Engine/Plugins/Interchange/Assets/Content/gltf/M_Sheen.uasset" 694
"../../../Engine/Plugins/Interchange/Assets/Content/gltf/M_Sheen.uexp" 695
"../../../Engine/Plugins/Interchange/Assets/Content/gltf/MaterialInstances/MI_Sheen_Opaque_DS.uasset" 696
"../../../Engine/Plugins/Interchange/Assets/Content/gltf/MaterialInstances/MI_Sheen_Opaque_DS.uexp" 697
"../../../Engine/Plugins/Interchange/Assets/Content/gltf/MaterialInstances/MI_Sheen_Opaque.uasset" 698
"../../../Engine/Plugins/Interchange/Assets/Content/gltf/MaterialInstances/MI_Sheen_Opaque.uexp" 699
"../../../Engine/Plugins/Interchange/Assets/Content/gltf/MaterialInstances/MI_Sheen_Mask_DS.uasset" 700
"../../../Engine/Plugins/Interchange/Assets/Content/gltf/MaterialInstances/MI_Sheen_Mask_DS.uexp" 701
"../../../Engine/Plugins/Interchange/Assets/Content/gltf/MaterialInstances/MI_Sheen_Mask.uasset" 702
"../../../Engine/Plugins/Interchange/Assets/Content/gltf/MaterialInstances/MI_Sheen_Mask.uexp" 703
"../../../Engine/Plugins/Interchange/Assets/Content/gltf/MaterialInstances/MI_Sheen_Blend_DS.uasset" 704
"../../../Engine/Plugins/Interchange/Assets/Content/gltf/MaterialInstances/MI_Sheen_Blend_DS.uexp" 705
"../../../Engine/Plugins/Interchange/Assets/Content/gltf/MaterialInstances/MI_Sheen_Blend.uasset" 706
"../../../Engine/Plugins/Interchange/Assets/Content/gltf/MaterialInstances/MI_Sheen_Blend.uexp" 707
"../../../Engine/Plugins/Interchange/Assets/Content/gltf/MaterialBodies/MF_Default_Body.uasset" 708
"../../../Engine/Plugins/Interchange/Assets/Content/gltf/MaterialBodies/MF_Default_Body.uexp" 709
"../../../Engine/Plugins/Interchange/Assets/Content/gltf/M_Default.uasset" 710
"../../../Engine/Plugins/Interchange/Assets/Content/gltf/M_Default.uexp" 711
"../../../Engine/Plugins/Interchange/Assets/Content/gltf/MaterialInstances/MI_Default_Opaque_DS.uasset" 712
"../../../Engine/Plugins/Interchange/Assets/Content/gltf/MaterialInstances/MI_Default_Opaque_DS.uexp" 713
"../../../Engine/Plugins/Interchange/Assets/Content/gltf/MaterialInstances/MI_Default_Opaque.uasset" 714
"../../../Engine/Plugins/Interchange/Assets/Content/gltf/MaterialInstances/MI_Default_Opaque.uexp" 715
"../../../Engine/Plugins/Interchange/Assets/Content/gltf/MaterialInstances/MI_Default_Mask_DS.uasset" 716
"../../../Engine/Plugins/Interchange/Assets/Content/gltf/MaterialInstances/MI_Default_Mask_DS.uexp" 717
"../../../Engine/Plugins/Interchange/Assets/Content/gltf/MaterialInstances/MI_Default_Mask.uasset" 718
"../../../Engine/Plugins/Interchange/Assets/Content/gltf/MaterialInstances/MI_Default_Mask.uexp" 719
"../../../Engine/Plugins/Interchange/Assets/Content/gltf/MaterialInstances/MI_Default_Blend_DS.uasset" 720
"../../../Engine/Plugins/Interchange/Assets/Content/gltf/MaterialInstances/MI_Default_Blend_DS.uexp" 721
"../../../Engine/Plugins/Interchange/Assets/Content/gltf/MaterialInstances/MI_Default_Blend.uasset" 722
"../../../Engine/Plugins/Interchange/Assets/Content/gltf/MaterialInstances/MI_Default_Blend.uexp" 723
"../../../Engine/Content/Functions/Engine_MaterialFunctions01/Texturing/FlattenNormal.uasset" 724
"../../../Engine/Content/Functions/Engine_MaterialFunctions01/Texturing/FlattenNormal.uexp" 725
"../../../Engine/Plugins/Interchange/Assets/Content/gltf/MaterialFunctions/MF_Clearcoat.uasset" 726
"../../../Engine/Plugins/Interchange/Assets/Content/gltf/MaterialFunctions/MF_Clearcoat.uexp" 727
"../../../Engine/Plugins/Interchange/Assets/Content/gltf/MaterialBodies/MF_ClearCoat_Body.uasset" 728
"../../../Engine/Plugins/Interchange/Assets/Content/gltf/MaterialBodies/MF_ClearCoat_Body.uexp" 729
"../../../Engine/Plugins/Interchange/Assets/Content/gltf/M_ClearCoat.uasset" 730
"../../../Engine/Plugins/Interchange/Assets/Content/gltf/M_ClearCoat.uexp" 731
"../../../Engine/Plugins/Interchange/Assets/Content/gltf/MaterialInstances/MI_ClearCoat_Opaque_DS.uasset" 732
"../../../Engine/Plugins/Interchange/Assets/Content/gltf/MaterialInstances/MI_ClearCoat_Opaque_DS.uexp" 733
"../../../Engine/Plugins/Interchange/Assets/Content/gltf/MaterialInstances/MI_ClearCoat_Opaque.uasset" 734
"../../../Engine/Plugins/Interchange/Assets/Content/gltf/MaterialInstances/MI_ClearCoat_Opaque.uexp" 735
"../../../Engine/Plugins/Interchange/Assets/Content/gltf/MaterialInstances/MI_ClearCoat_Mask_DS.uasset" 736
"../../../Engine/Plugins/Interchange/Assets/Content/gltf/MaterialInstances/MI_ClearCoat_Mask_DS.uexp" 737
"../../../Engine/Plugins/Interchange/Assets/Content/gltf/MaterialInstances/MI_ClearCoat_Mask.uasset" 738
"../../../Engine/Plugins/Interchange/Assets/Content/gltf/MaterialInstances/MI_ClearCoat_Mask.uexp" 739
"../../../Engine/Plugins/Interchange/Assets/Content/gltf/MaterialInstances/MI_ClearCoat_Blend_DS.uasset" 740
"../../../Engine/Plugins/Interchange/Assets/Content/gltf/MaterialInstances/MI_ClearCoat_Blend_DS.uexp" 741
"../../../Engine/Plugins/Interchange/Assets/Content/gltf/MaterialInstances/MI_ClearCoat_Blend.uasset" 742
"../../../Engine/Plugins/Interchange/Assets/Content/gltf/MaterialInstances/MI_ClearCoat_Blend.uexp" 743
"../../../Engine/Content/VREditor/TransformGizmo/Main.uasset" 744
"../../../Engine/Content/VREditor/TransformGizmo/Main.uexp" 745
"../../../Engine/Content/VREditor/TransformGizmo/Xray.uasset" 746
"../../../Engine/Content/VREditor/TransformGizmo/Xray.uexp" 747
"../../../Engine/Content/VREditor/TransformGizmo/SM_Sequencer_Node.uasset" 748
"../../../Engine/Content/VREditor/TransformGizmo/SM_Sequencer_Node.uexp" 749
"../../../Engine/Content/VREditor/LaserPointer/VR_LaserPower_01.ubulk" 750
"../../../Engine/Content/VREditor/LaserPointer/VR_LaserPower_01.uasset" 751
"../../../Engine/Content/VREditor/LaserPointer/VR_LaserPower_01.uexp" 752
"../../../Engine/Content/VREditor/TransformGizmo/TransformGizmoMaterial.uasset" 753
"../../../Engine/Content/VREditor/TransformGizmo/TransformGizmoMaterial.uexp" 754
"../../../Engine/Content/VREditor/TransformGizmo/TranslucentTransformGizmoMaterial.uasset" 755
"../../../Engine/Content/VREditor/TransformGizmo/TranslucentTransformGizmoMaterial.uexp" 756
"../../../Engine/Content/VREditor/TransformGizmo/BoundingBoxEdge.uasset" 757
"../../../Engine/Content/VREditor/TransformGizmo/BoundingBoxEdge.uexp" 758
"../../../Engine/Content/VREditor/TransformGizmo/BoundingBoxCorner.uasset" 759
"../../../Engine/Content/VREditor/TransformGizmo/BoundingBoxCorner.uexp" 760
"../../../Engine/Content/EngineSky/VolumetricClouds/T_CloudMask.ubulk" 761
"../../../Engine/Content/EngineSky/VolumetricClouds/T_CloudMask.uasset" 762
"../../../Engine/Content/EngineSky/VolumetricClouds/T_CloudMask.uexp" 763
"../../../Engine/Content/EngineSky/VolumetricClouds/VT_Lightning.uasset" 764
"../../../Engine/Content/EngineSky/VolumetricClouds/VT_Lightning.uexp" 765
"../../../Engine/Content/EngineSky/VolumetricClouds/T_Profile_08.ubulk" 766
"../../../Engine/Content/EngineSky/VolumetricClouds/T_Profile_08.uasset" 767
"../../../Engine/Content/EngineSky/VolumetricClouds/T_Profile_08.uexp" 768
"../../../Engine/Content/Functions/Engine_MaterialFunctions02/Utility/MakeFloat4.uasset" 769
"../../../Engine/Content/Functions/Engine_MaterialFunctions02/Utility/MakeFloat4.uexp" 770
"../../../Engine/Content/Functions/Engine_MaterialFunctions01/Units/Km-to-Cm.uasset" 771
"../../../Engine/Content/Functions/Engine_MaterialFunctions01/Units/Km-to-Cm.uexp" 772
"../../../Engine/Content/Functions/Engine_MaterialFunctions02/Utility/BreakOutFloat4Components.uasset" 773
"../../../Engine/Content/Functions/Engine_MaterialFunctions02/Utility/BreakOutFloat4Components.uexp" 774
"../../../Engine/Content/EngineSky/VolumetricClouds/T_CloudPattern.ubulk" 775
"../../../Engine/Content/EngineSky/VolumetricClouds/T_CloudPattern.uasset" 776
"../../../Engine/Content/EngineSky/VolumetricClouds/T_CloudPattern.uexp" 777
"../../../Engine/Content/EngineSky/VolumetricClouds/VT_PerlinWorley_Balanced.uasset" 778
"../../../Engine/Content/EngineSky/VolumetricClouds/VT_PerlinWorley_Balanced.uexp" 779
"../../../Engine/Content/EngineSky/VolumetricClouds/m_SimpleVolumetricCloud.uasset" 780
"../../../Engine/Content/EngineSky/VolumetricClouds/m_SimpleVolumetricCloud.uexp" 781
"../../../Engine/Content/EngineSky/VolumetricClouds/m_SimpleVolumetricCloud_Inst.uasset" 782
"../../../Engine/Content/EngineSky/VolumetricClouds/m_SimpleVolumetricCloud_Inst.uexp" 783
"../../../Engine/Content/EditorMaterials/Camera/CineMat.uasset" 784
"../../../Engine/Content/EditorMaterials/Camera/CineMat.uexp" 785
"../../../Engine/Content/EditorMaterials/Camera/MI_CineMat_Rig.uasset" 786
"../../../Engine/Content/EditorMaterials/Camera/MI_CineMat_Rig.uexp" 787
"../../../Engine/Content/EditorMeshes/Camera/SM_RailRig_Track.uasset" 788
"../../../Engine/Content/EditorMeshes/Camera/SM_RailRig_Track.uexp" 789
"../../../Engine/Content/EditorMeshes/Camera/SM_RailRig_Mount.uasset" 790
"../../../Engine/Content/EditorMeshes/Camera/SM_RailRig_Mount.uexp" 791
"../../../Engine/Content/EditorMeshes/Camera/SM_CraneRig_Mount.uasset" 792
"../../../Engine/Content/EditorMeshes/Camera/SM_CraneRig_Mount.uexp" 793
"../../../Engine/Content/EditorMeshes/Camera/SM_CraneRig_Body.uasset" 794
"../../../Engine/Content/EditorMeshes/Camera/SM_CraneRig_Body.uexp" 795
"../../../Engine/Content/EditorMeshes/Camera/SM_CraneRig_Base.uasset" 796
"../../../Engine/Content/EditorMeshes/Camera/SM_CraneRig_Base.uexp" 797
"../../../Engine/Content/EditorMeshes/Camera/SM_CraneRig_Arm.uasset" 798
"../../../Engine/Content/EditorMeshes/Camera/SM_CraneRig_Arm.uexp" 799
"../../../Engine/Plugins/Interchange/Assets/Content/Functions/MF_PhongToMetalRoughness.uasset" 800
"../../../Engine/Plugins/Interchange/Assets/Content/Functions/MF_PhongToMetalRoughness.uexp" 801
"C:/Discos/Proyectos/NEXCODE/gateway/Content/Gateway/Models/Caja_Herraje.uasset" 802
"C:/Discos/Proyectos/NEXCODE/gateway/Content/Gateway/Models/Caja_Herraje.uexp" 803
"C:/Discos/Proyectos/NEXCODE/gateway/Content/Gateway/Models/Caja_Luz.uasset" 804
"C:/Discos/Proyectos/NEXCODE/gateway/Content/Gateway/Models/Caja_Luz.uexp" 805
"C:/Discos/Proyectos/NEXCODE/gateway/Content/Gateway/Models/Caja_Madera.uasset" 806
"C:/Discos/Proyectos/NEXCODE/gateway/Content/Gateway/Models/Caja_Madera.uexp" 807
"C:/Discos/Proyectos/NEXCODE/gateway/Content/Gateway/Models/SM_Caja.uasset" 808
"C:/Discos/Proyectos/NEXCODE/gateway/Content/Gateway/Models/SM_Caja.uexp" 809
"../../../Engine/Plugins/Runtime/OpenXR/Content/Devices/ValveIndex/MRTexture.ubulk" 810
"../../../Engine/Plugins/Runtime/OpenXR/Content/Devices/ValveIndex/MRTexture.uasset" 811
"../../../Engine/Plugins/Runtime/OpenXR/Content/Devices/ValveIndex/MRTexture.uexp" 812
"../../../Engine/Plugins/Runtime/OpenXR/Content/Devices/ValveIndex/BaseTexture.ubulk" 813
"../../../Engine/Plugins/Runtime/OpenXR/Content/Devices/ValveIndex/BaseTexture.uasset" 814
"../../../Engine/Plugins/Runtime/OpenXR/Content/Devices/ValveIndex/BaseTexture.uexp" 815
"../../../Engine/Plugins/Runtime/OpenXR/Content/Devices/ValveIndex/Right/MI_right_ValveIndex.uasset" 816
"../../../Engine/Plugins/Runtime/OpenXR/Content/Devices/ValveIndex/Right/MI_right_ValveIndex.uexp" 817
"../../../Engine/Plugins/Runtime/OpenXR/Content/Devices/ValveIndex/Right/right_ValveIndexController.uasset" 818
"../../../Engine/Plugins/Runtime/OpenXR/Content/Devices/ValveIndex/Right/right_ValveIndexController.uexp" 819
"../../../Engine/Plugins/Runtime/OpenXR/Content/Devices/ValveIndex/Left/MI_left_ValveIndex.uasset" 820
"../../../Engine/Plugins/Runtime/OpenXR/Content/Devices/ValveIndex/Left/MI_left_ValveIndex.uexp" 821
"../../../Engine/Plugins/Runtime/OpenXR/Content/Devices/ValveIndex/Left/left_ValveIndexController.uasset" 822
"../../../Engine/Plugins/Runtime/OpenXR/Content/Devices/ValveIndex/Left/left_ValveIndexController.uexp" 823
"../../../Engine/Plugins/Runtime/OpenXR/Content/Devices/OculusTouch_v3/MRTexture.ubulk" 824
"../../../Engine/Plugins/Runtime/OpenXR/Content/Devices/OculusTouch_v3/MRTexture.uasset" 825
"../../../Engine/Plugins/Runtime/OpenXR/Content/Devices/OculusTouch_v3/MRTexture.uexp" 826
"../../../Engine/Plugins/Runtime/OpenXR/Content/Devices/OculusTouch_v3/BaseTexture.ubulk" 827
"../../../Engine/Plugins/Runtime/OpenXR/Content/Devices/OculusTouch_v3/BaseTexture.uasset" 828
"../../../Engine/Plugins/Runtime/OpenXR/Content/Devices/OculusTouch_v3/BaseTexture.uexp" 829
"../../../Engine/Plugins/Runtime/OpenXR/Content/Devices/OculusTouch_v3/MI_OculusTouch_v3.uasset" 830
"../../../Engine/Plugins/Runtime/OpenXR/Content/Devices/OculusTouch_v3/MI_OculusTouch_v3.uexp" 831
"../../../Engine/Plugins/Runtime/OpenXR/Content/Devices/OculusTouch_v3/Right/right_OculusTouch_v3Controller.uasset" 832
"../../../Engine/Plugins/Runtime/OpenXR/Content/Devices/OculusTouch_v3/Right/right_OculusTouch_v3Controller.uexp" 833
"../../../Engine/Plugins/Runtime/OpenXR/Content/Devices/OculusTouch_v3/Left/left_OculusTouch_v3Controller.uasset" 834
"../../../Engine/Plugins/Runtime/OpenXR/Content/Devices/OculusTouch_v3/Left/left_OculusTouch_v3Controller.uexp" 835
"../../../Engine/Plugins/Runtime/OpenXR/Content/Devices/OculusTouch_v2/BaseTexture.ubulk" 836
"../../../Engine/Plugins/Runtime/OpenXR/Content/Devices/OculusTouch_v2/BaseTexture.uasset" 837
"../../../Engine/Plugins/Runtime/OpenXR/Content/Devices/OculusTouch_v2/BaseTexture.uexp" 838
"../../../Engine/Plugins/Runtime/OpenXR/Content/Devices/OculusTouch_v2/MRTexture.ubulk" 839
"../../../Engine/Plugins/Runtime/OpenXR/Content/Devices/OculusTouch_v2/MRTexture.uasset" 840
"../../../Engine/Plugins/Runtime/OpenXR/Content/Devices/OculusTouch_v2/MRTexture.uexp" 841
"../../../Engine/Plugins/Runtime/OpenXR/Content/Devices/OculusTouch_v2/MI_OculusTouch_v2.uasset" 842
"../../../Engine/Plugins/Runtime/OpenXR/Content/Devices/OculusTouch_v2/MI_OculusTouch_v2.uexp" 843
"../../../Engine/Plugins/Runtime/OpenXR/Content/Devices/OculusTouch_v2/Right/right_OculusTouch_v2Controller.uasset" 844
"../../../Engine/Plugins/Runtime/OpenXR/Content/Devices/OculusTouch_v2/Right/right_OculusTouch_v2Controller.uexp" 845
"../../../Engine/Plugins/Runtime/OpenXR/Content/Devices/OculusTouch_v2/Left/left_OculusTouch_v2Controller.uasset" 846
"../../../Engine/Plugins/Runtime/OpenXR/Content/Devices/OculusTouch_v2/Left/left_OculusTouch_v2Controller.uexp" 847
"../../../Engine/Plugins/Runtime/OpenXR/Content/Devices/OculusTouch/BaseTexture.ubulk" 848
"../../../Engine/Plugins/Runtime/OpenXR/Content/Devices/OculusTouch/BaseTexture.uasset" 849
"../../../Engine/Plugins/Runtime/OpenXR/Content/Devices/OculusTouch/BaseTexture.uexp" 850
"../../../Engine/Plugins/Runtime/OpenXR/Content/Devices/OculusTouch/MRTexture.ubulk" 851
"../../../Engine/Plugins/Runtime/OpenXR/Content/Devices/OculusTouch/MRTexture.uasset" 852
"../../../Engine/Plugins/Runtime/OpenXR/Content/Devices/OculusTouch/MRTexture.uexp" 853
"../../../Engine/Plugins/Runtime/OpenXR/Content/Devices/OculusTouch/MI_OculusTouch.uasset" 854
"../../../Engine/Plugins/Runtime/OpenXR/Content/Devices/OculusTouch/MI_OculusTouch.uexp" 855
"../../../Engine/Plugins/Runtime/OpenXR/Content/Devices/OculusTouch/Right/right_OculusTouchController.uasset" 856
"../../../Engine/Plugins/Runtime/OpenXR/Content/Devices/OculusTouch/Right/right_OculusTouchController.uexp" 857
"../../../Engine/Plugins/Runtime/OpenXR/Content/Devices/OculusTouch/Left/left_OculusTouchController.uasset" 858
"../../../Engine/Plugins/Runtime/OpenXR/Content/Devices/OculusTouch/Left/left_OculusTouchController.uexp" 859
"../../../Engine/Plugins/Runtime/OpenXR/Content/Devices/MicrosoftMixedReality/NormalTexture.ubulk" 860
"../../../Engine/Plugins/Runtime/OpenXR/Content/Devices/MicrosoftMixedReality/NormalTexture.uasset" 861
"../../../Engine/Plugins/Runtime/OpenXR/Content/Devices/MicrosoftMixedReality/NormalTexture.uexp" 862
"../../../Engine/Plugins/Runtime/OpenXR/Content/Devices/MicrosoftMixedReality/EmissiveTexture.ubulk" 863
"../../../Engine/Plugins/Runtime/OpenXR/Content/Devices/MicrosoftMixedReality/EmissiveTexture.uasset" 864
"../../../Engine/Plugins/Runtime/OpenXR/Content/Devices/MicrosoftMixedReality/EmissiveTexture.uexp" 865
"../../../Engine/Plugins/Runtime/OpenXR/Content/Devices/MicrosoftMixedReality/BaseTexture.ubulk" 866
"../../../Engine/Plugins/Runtime/OpenXR/Content/Devices/MicrosoftMixedReality/BaseTexture.uasset" 867
"../../../Engine/Plugins/Runtime/OpenXR/Content/Devices/MicrosoftMixedReality/BaseTexture.uexp" 868
"../../../Engine/Plugins/Runtime/OpenXR/Content/Devices/MicrosoftMixedReality/MRTexture.ubulk" 869
"../../../Engine/Plugins/Runtime/OpenXR/Content/Devices/MicrosoftMixedReality/MRTexture.uasset" 870
"../../../Engine/Plugins/Runtime/OpenXR/Content/Devices/MicrosoftMixedReality/MRTexture.uexp" 871
"../../../Engine/Plugins/Runtime/OpenXR/Content/Devices/MicrosoftMixedReality/MI_MicrosoftMixedReality.uasset" 872
"../../../Engine/Plugins/Runtime/OpenXR/Content/Devices/MicrosoftMixedReality/MI_MicrosoftMixedReality.uexp" 873
"../../../Engine/Plugins/Runtime/OpenXR/Content/Devices/MicrosoftMixedReality/Right/right_MicrosoftMixedRealityController.uasset" 874
"../../../Engine/Plugins/Runtime/OpenXR/Content/Devices/MicrosoftMixedReality/Right/right_MicrosoftMixedRealityController.uexp" 875
"../../../Engine/Plugins/Runtime/OpenXR/Content/Devices/MicrosoftMixedReality/Left/left_MicrosoftMixedRealityController.uasset" 876
"../../../Engine/Plugins/Runtime/OpenXR/Content/Devices/MicrosoftMixedReality/Left/left_MicrosoftMixedRealityController.uexp" 877
"../../../Engine/Content/ArtTools/RenderToTexture/Meshes/S_1_Unit_Plane.uasset" 878
"../../../Engine/Content/ArtTools/RenderToTexture/Meshes/S_1_Unit_Plane.uexp" 879
"../../../Engine/Plugins/Animation/DeformerGraph/Content/Deformers/DG_LinearBlendSkin_Morph_Cloth_RecomputeNormals.uasset" 880
"../../../Engine/Plugins/Animation/DeformerGraph/Content/Deformers/DG_LinearBlendSkin_Morph_Cloth_RecomputeNormals.uexp" 881
"../../../Engine/Plugins/Animation/DeformerGraph/Content/Deformers/DG_LinearBlendSkin_Morph_Cloth.uasset" 882
"../../../Engine/Plugins/Animation/DeformerGraph/Content/Deformers/DG_LinearBlendSkin_Morph_Cloth.uexp" 883
"../../../Engine/Plugins/Animation/DeformerGraph/Content/DeformerFunctions/DG_Function_LinearBlendSkin_Morph_Cloth_PositionOnly.uasset" 884
"../../../Engine/Plugins/Animation/DeformerGraph/Content/DeformerFunctions/DG_Function_LinearBlendSkin_Morph_Cloth_PositionOnly.uexp" 885
"../../../Engine/Plugins/Animation/DeformerGraph/Content/DeformerFunctions/DG_Function_LinearBlendSkin_Morph_Cloth.uasset" 886
"../../../Engine/Plugins/Animation/DeformerGraph/Content/DeformerFunctions/DG_Function_LinearBlendSkin_Morph_Cloth.uexp" 887
"../../../Engine/Plugins/Animation/DeformerGraph/Content/DeformerFunctions/DG_Function_ComputeNormalsTangents.uasset" 888
"../../../Engine/Plugins/Animation/DeformerGraph/Content/DeformerFunctions/DG_Function_ComputeNormalsTangents.uexp" 889
"../../../Engine/Content/VREditor/TransformGizmo/StartRotationHandleIndicator.uasset" 890
"../../../Engine/Content/VREditor/TransformGizmo/StartRotationHandleIndicator.uexp" 891
"../../../Engine/Content/VREditor/Sounds/UI/Drop_Item_From_ContentBrowser.ubulk" 892
"../../../Engine/Content/VREditor/Sounds/UI/Drop_Item_From_ContentBrowser.uasset" 893
"../../../Engine/Content/VREditor/Sounds/UI/Drop_Item_From_ContentBrowser.uexp" 894
"../../../Engine/Content/VREditor/TransformGizmo/PlaneTranslationHandle.uasset" 895
"../../../Engine/Content/VREditor/TransformGizmo/PlaneTranslationHandle.uexp" 896
"../../../Engine/Content/VREditor/Sounds/UI/Object_Snaps_To_Grid.ubulk" 897
"../../../Engine/Content/VREditor/Sounds/UI/Object_Snaps_To_Grid.uasset" 898
"../../../Engine/Content/VREditor/Sounds/UI/Object_Snaps_To_Grid.uexp" 899
"../../../Engine/Content/VREditor/Sounds/UI/Selection_Changes.ubulk" 900
"../../../Engine/Content/VREditor/Sounds/UI/Selection_Changes.uasset" 901
"../../../Engine/Content/VREditor/Sounds/UI/Selection_Changes.uexp" 902
"../../../Engine/Content/VREditor/Sounds/UI/Object_Snaps_To_Another_Actor.ubulk" 903
"../../../Engine/Content/VREditor/Sounds/UI/Object_Snaps_To_Another_Actor.uasset" 904
"../../../Engine/Content/VREditor/Sounds/UI/Object_Snaps_To_Another_Actor.uexp" 905
"../../../Engine/Content/VREditor/TransformGizmo/TranslucentTransformGizmoMaterial_Inst.uasset" 906
"../../../Engine/Content/VREditor/TransformGizmo/TranslucentTransformGizmoMaterial_Inst.uexp" 907
"../../../Engine/Content/VREditor/TransformGizmo/TransformGizmoFreeRotation.uasset" 908
"../../../Engine/Content/VREditor/TransformGizmo/TransformGizmoFreeRotation.uexp" 909
"../../../Engine/Content/VREditor/Sounds/UI/Scaling_Down.ubulk" 910
"../../../Engine/Content/VREditor/Sounds/UI/Scaling_Down.uasset" 911
"../../../Engine/Content/VREditor/Sounds/UI/Scaling_Down.uexp" 912
"../../../Engine/Content/Functions/Engine_MaterialFunctions02/SplitComponents.uasset" 913
"../../../Engine/Content/Functions/Engine_MaterialFunctions02/SplitComponents.uexp" 914
"../../../Engine/Content/VREditor/SnapGrid/SnapGridMaterial.uasset" 915
"../../../Engine/Content/VREditor/SnapGrid/SnapGridMaterial.uexp" 916
"../../../Engine/Content/VREditor/SnapGrid/SnapGridPlaneMesh.uasset" 917
"../../../Engine/Content/VREditor/SnapGrid/SnapGridPlaneMesh.uexp" 918
"../../../Engine/Content/VREditor/Sounds/UI/Scaling_Up.ubulk" 919
"../../../Engine/Content/VREditor/Sounds/UI/Scaling_Up.uasset" 920
"../../../Engine/Content/VREditor/Sounds/UI/Scaling_Up.uexp" 921
"../../../Engine/Content/VREditor/TransformGizmo/TransformGizmoMaterial_Inst.uasset" 922
"../../../Engine/Content/VREditor/TransformGizmo/TransformGizmoMaterial_Inst.uexp" 923
"../../../Engine/Content/VREditor/Sounds/UI/Gizmo_Handle_Clicked.ubulk" 924
"../../../Engine/Content/VREditor/Sounds/UI/Gizmo_Handle_Clicked.uasset" 925
"../../../Engine/Content/VREditor/Sounds/UI/Gizmo_Handle_Clicked.uexp" 926
"../../../Engine/Content/VREditor/TransformGizmo/RotationHandleQuarter.uasset" 927
"../../../Engine/Content/VREditor/TransformGizmo/RotationHandleQuarter.uexp" 928
"../../../Engine/Content/VREditor/TransformGizmo/TranslateArrowHandle.uasset" 929
"../../../Engine/Content/VREditor/TransformGizmo/TranslateArrowHandle.uexp" 930
"../../../Engine/Content/VREditor/TransformGizmo/RotationHandleIndicator.uasset" 931
"../../../Engine/Content/VREditor/TransformGizmo/RotationHandleIndicator.uexp" 932
"../../../Engine/Content/VREditor/TransformGizmo/UniformScaleHandle.uasset" 933
"../../../Engine/Content/VREditor/TransformGizmo/UniformScaleHandle.uexp" 934
"../../../Engine/Content/VREditor/TransformGizmo/RotationHandleFull.uasset" 935
"../../../Engine/Content/VREditor/TransformGizmo/RotationHandleFull.uexp" 936
"../../../Engine/Content/VREditor/Sounds/UI/Object_PickUp.ubulk" 937
"../../../Engine/Content/VREditor/Sounds/UI/Object_PickUp.uasset" 938
"../../../Engine/Content/VREditor/Sounds/UI/Object_PickUp.uexp" 939
"../../../Engine/Content/EngineResources/LandscapeVisibilityLayerInfo.uasset" 940
"../../../Engine/Content/EngineResources/LandscapeVisibilityLayerInfo.uexp" 941
"../../../Engine/Content/Maps/Entry_BuiltData.uasset" 942
"../../../Engine/Content/Maps/Entry_BuiltData.uexp" 943
"../../../Engine/Content/Maps/Entry.uexp" 944
"../../../Engine/Content/Maps/Entry.umap" 945
"C:/Discos/Proyectos/NEXCODE/gateway/Content/Gateway/Maps/Gateway.uexp" 946
"C:/Discos/Proyectos/NEXCODE/gateway/Content/Gateway/Maps/Gateway.umap" 947
